13:53:35 **** Incremental Build of configuration Debug for project Liftsteuerung ****
Info: Internal Builder is used for build
arm-atollic-eabi-g++ -c -mthumb -mcpu=cortex-m4 -mfloat-abi=hard -mfpu=fpv4-sp-d16 -std=gnu++98 -DHSE_VALUE=25000000 -DSYSCALL_USART=USART1 -I../src -I../Libraries/BSP/ -I../Libraries/sGUI/ -O0 -ffunction-sections -fdata-sections -fno-rtti -g -Wall -fno-threadsafe-statics -o src\LiftSteuerung_test.o ..\src\LiftSteuerung_test.cpp 
arm-atollic-eabi-g++ -c -mthumb -mcpu=cortex-m4 -mfloat-abi=hard -mfpu=fpv4-sp-d16 -std=gnu++98 -DHSE_VALUE=25000000 -DSYSCALL_USART=USART1 -I../src -I../Libraries/BSP/ -I../Libraries/sGUI/ -O0 -ffunction-sections -fdata-sections -fno-rtti -g -Wall -fno-threadsafe-statics -o src\PositionSensors.o ..\src\PositionSensors.cpp 
arm-atollic-eabi-g++ -c -mthumb -mcpu=cortex-m4 -mfloat-abi=hard -mfpu=fpv4-sp-d16 -std=gnu++98 -DHSE_VALUE=25000000 -DSYSCALL_USART=USART1 -I../src -I../Libraries/BSP/ -I../Libraries/sGUI/ -O0 -ffunction-sections -fdata-sections -fno-rtti -g -Wall -fno-threadsafe-statics -o src\CallButtons.o ..\src\CallButtons.cpp 
arm-atollic-eabi-g++ src\tiny_printf.o src\startup.o src\PositionSensors.o src\Motor.o src\LiftSteuerung_test.o src\LiftSteuerung.o src\IOManager.o src\FloorIndicator.o src\FloorChooseButtons.o src\Dispatcher.o src\ControlUnit.o src\CallButtons.o src\Cabin.o -o Liftsteuerung.elf -mthumb -mcpu=cortex-m4 -mfloat-abi=hard -mfpu=fpv4-sp-d16 -T..\stm32f4_flash.ld -Wl,--start-group -lc -lm -lstdc++ -lsupc++ -Wl,--end-group -static -Wl,-cref,-u,Reset_Handler -Wl,-Map=Liftsteuerung.map -Wl,--gc-sections -Wl,--defsym=malloc_getpagesize_P=0x1000 
C:\Program Files (x86)\Atollic\TrueSTUDIO for ARM Pro 4.3.1\ide\jre\bin\java -jar C:\Program Files (x86)\Atollic\TrueSTUDIO for ARM Pro 4.3.1\Tools\arm-atollic-reports.jar sizeinfo Liftsteuerung.elf 
Generate build reports...
Print size information
   text	   data	    bss	    dec	    hex	filename
   9924	    412	   8224	  18560	   4880	Liftsteuerung.elf
Print size information done
Generate build reports done

13:53:37 Build Finished (took 1s.657ms)

