Archive member included because of file (symbol)

c:/program files (x86)/atollic/truestudio for arm pro 4.3.1/armtools/bin/../lib/gcc/arm-atollic-eabi/4.7.3/../../../../arm-atollic-eabi/lib/armv7e-m/fpu\libstdc++.a(del_op.o)
                              src\PositionSensors.o (operator delete(void*))
c:/program files (x86)/atollic/truestudio for arm pro 4.3.1/armtools/bin/../lib/gcc/arm-atollic-eabi/4.7.3/../../../../arm-atollic-eabi/lib/armv7e-m/fpu\libc.a(lib_a-malloc.o)
                              c:/program files (x86)/atollic/truestudio for arm pro 4.3.1/armtools/bin/../lib/gcc/arm-atollic-eabi/4.7.3/../../../../arm-atollic-eabi/lib/armv7e-m/fpu\libstdc++.a(del_op.o) (free)
c:/program files (x86)/atollic/truestudio for arm pro 4.3.1/armtools/bin/../lib/gcc/arm-atollic-eabi/4.7.3/../../../../arm-atollic-eabi/lib/armv7e-m/fpu\libc.a(lib_a-mallocr.o)
                              c:/program files (x86)/atollic/truestudio for arm pro 4.3.1/armtools/bin/../lib/gcc/arm-atollic-eabi/4.7.3/../../../../arm-atollic-eabi/lib/armv7e-m/fpu\libc.a(lib_a-malloc.o) (_malloc_r)
c:/program files (x86)/atollic/truestudio for arm pro 4.3.1/armtools/bin/../lib/gcc/arm-atollic-eabi/4.7.3/../../../../arm-atollic-eabi/lib/armv7e-m/fpu\libc.a(lib_a-mlock.o)
                              c:/program files (x86)/atollic/truestudio for arm pro 4.3.1/armtools/bin/../lib/gcc/arm-atollic-eabi/4.7.3/../../../../arm-atollic-eabi/lib/armv7e-m/fpu\libc.a(lib_a-mallocr.o) (__malloc_lock)
c:/program files (x86)/atollic/truestudio for arm pro 4.3.1/armtools/bin/../lib/gcc/arm-atollic-eabi/4.7.3/../../../../arm-atollic-eabi/lib/armv7e-m/fpu\libc.a(lib_a-sbrkr.o)
                              c:/program files (x86)/atollic/truestudio for arm pro 4.3.1/armtools/bin/../lib/gcc/arm-atollic-eabi/4.7.3/../../../../arm-atollic-eabi/lib/armv7e-m/fpu\libc.a(lib_a-mallocr.o) (_sbrk_r)
c:/program files (x86)/atollic/truestudio for arm pro 4.3.1/armtools/bin/../lib/gcc/arm-atollic-eabi/4.7.3/../../../../arm-atollic-eabi/lib/armv7e-m/fpu\libc.a(lib_a-strlen.o)
                              src\tiny_printf.o (strlen)
c:/program files (x86)/atollic/truestudio for arm pro 4.3.1/armtools/bin/../lib/gcc/arm-atollic-eabi/4.7.3/../../../../arm-atollic-eabi/lib/armv7e-m/fpu\libc.a(lib_a-syscalls.o)
                              src\tiny_printf.o (_write)
c:/program files (x86)/atollic/truestudio for arm pro 4.3.1/armtools/bin/../lib/gcc/arm-atollic-eabi/4.7.3/../../../../arm-atollic-eabi/lib/armv7e-m/fpu\libc.a(lib_a-system.o)
                              src\LiftSteuerung_test.o (system)
c:/program files (x86)/atollic/truestudio for arm pro 4.3.1/armtools/bin/../lib/gcc/arm-atollic-eabi/4.7.3/../../../../arm-atollic-eabi/lib/armv7e-m/fpu\libc.a(lib_a-errno.o)
                              c:/program files (x86)/atollic/truestudio for arm pro 4.3.1/armtools/bin/../lib/gcc/arm-atollic-eabi/4.7.3/../../../../arm-atollic-eabi/lib/armv7e-m/fpu\libc.a(lib_a-system.o) (__errno)
c:/program files (x86)/atollic/truestudio for arm pro 4.3.1/armtools/bin/../lib/gcc/arm-atollic-eabi/4.7.3/../../../../arm-atollic-eabi/lib/armv7e-m/fpu\libc.a(lib_a-freer.o)
                              c:/program files (x86)/atollic/truestudio for arm pro 4.3.1/armtools/bin/../lib/gcc/arm-atollic-eabi/4.7.3/../../../../arm-atollic-eabi/lib/armv7e-m/fpu\libc.a(lib_a-malloc.o) (_free_r)
c:/program files (x86)/atollic/truestudio for arm pro 4.3.1/armtools/bin/../lib/gcc/arm-atollic-eabi/4.7.3/../../../../arm-atollic-eabi/lib/armv7e-m/fpu\libc.a(lib_a-impure.o)
                              c:/program files (x86)/atollic/truestudio for arm pro 4.3.1/armtools/bin/../lib/gcc/arm-atollic-eabi/4.7.3/../../../../arm-atollic-eabi/lib/armv7e-m/fpu\libc.a(lib_a-malloc.o) (_impure_ptr)
c:/program files (x86)/atollic/truestudio for arm pro 4.3.1/armtools/bin/../lib/gcc/arm-atollic-eabi/4.7.3/../../../../arm-atollic-eabi/lib/armv7e-m/fpu\libc.a(lib_a-reent.o)
                              c:/program files (x86)/atollic/truestudio for arm pro 4.3.1/armtools/bin/../lib/gcc/arm-atollic-eabi/4.7.3/../../../../arm-atollic-eabi/lib/armv7e-m/fpu\libc.a(lib_a-sbrkr.o) (errno)
c:/program files (x86)/atollic/truestudio for arm pro 4.3.1/armtools/bin/../lib/gcc/arm-atollic-eabi/4.7.3/armv7e-m/fpu\libgcc.a(unwind-arm.o)
                              src\LiftSteuerung_test.o (__aeabi_unwind_cpp_pr1)
c:/program files (x86)/atollic/truestudio for arm pro 4.3.1/armtools/bin/../lib/gcc/arm-atollic-eabi/4.7.3/armv7e-m/fpu\libgcc.a(libunwind.o)
                              c:/program files (x86)/atollic/truestudio for arm pro 4.3.1/armtools/bin/../lib/gcc/arm-atollic-eabi/4.7.3/armv7e-m/fpu\libgcc.a(unwind-arm.o) (restore_core_regs)
c:/program files (x86)/atollic/truestudio for arm pro 4.3.1/armtools/bin/../lib/gcc/arm-atollic-eabi/4.7.3/armv7e-m/fpu\libgcc.a(pr-support.o)
[...]
Memory Configuration

Name             Origin             Length             Attributes
FLASH            0x08000000         0x00100000         xr
RAM              0x20000000         0x00020000         xrw
MEMORY_B1        0x60000000         0x00000000         xr
CCMRAM           0x10000000         0x00010000         rw
*default*        0x00000000         0xffffffff

Linker script and memory map

LOAD c:/program files (x86)/atollic/truestudio for arm pro 4.3.1/armtools/bin/../lib/gcc/arm-atollic-eabi/4.7.3/armv7e-m/fpu/crti.o
LOAD c:/program files (x86)/atollic/truestudio for arm pro 4.3.1/armtools/bin/../lib/gcc/arm-atollic-eabi/4.7.3/armv7e-m/fpu/crtbegin.o
LOAD src\tiny_printf.o
LOAD src\startup.o
LOAD src\PositionSensors.o
LOAD src\Motor.o
LOAD src\LiftSteuerung_test.o
LOAD src\LiftSteuerung.o
LOAD src\IOManager.o
LOAD src\FloorIndicator.o
LOAD src\FloorChooseButtons.o
LOAD src\Dispatcher.o
LOAD src\ControlUnit.o
LOAD src\CallButtons.o
LOAD src\Cabin.o
START GROUP
LOAD c:/program files (x86)/atollic/truestudio for arm pro 4.3.1/armtools/bin/../lib/gcc/arm-atollic-eabi/4.7.3/../../../../arm-atollic-eabi/lib/armv7e-m/fpu\libstdc++.a
LOAD c:/program files (x86)/atollic/truestudio for arm pro 4.3.1/armtools/bin/../lib/gcc/arm-atollic-eabi/4.7.3/../../../../arm-atollic-eabi/lib/armv7e-m/fpu\libsupc++.a
END GROUP
                0x00001000                malloc_getpagesize_P = 0x1000
LOAD c:/program files (x86)/atollic/truestudio for arm pro 4.3.1/armtools/bin/../lib/gcc/arm-atollic-eabi/4.7.3/../../../../arm-atollic-eabi/lib/armv7e-m/fpu\libstdc++.a
LOAD c:/program files (x86)/atollic/truestudio for arm pro 4.3.1/armtools/bin/../lib/gcc/arm-atollic-eabi/4.7.3/../../../../arm-atollic-eabi/lib/armv7e-m/fpu\libm.a
LOAD c:/program files (x86)/atollic/truestudio for arm pro 4.3.1/armtools/bin/../lib/gcc/arm-atollic-eabi/4.7.3/../../../../arm-atollic-eabi/lib/armv7e-m/fpu\libc.a
START GROUP
LOAD c:/program files (x86)/atollic/truestudio for arm pro 4.3.1/armtools/bin/../lib/gcc/arm-atollic-eabi/4.7.3/armv7e-m/fpu\libgcc.a
LOAD c:/program files (x86)/atollic/truestudio for arm pro 4.3.1/armtools/bin/../lib/gcc/arm-atollic-eabi/4.7.3/../../../../arm-atollic-eabi/lib/armv7e-m/fpu\libc.a
END GROUP
LOAD c:/program files (x86)/atollic/truestudio for arm pro 4.3.1/armtools/bin/../lib/gcc/arm-atollic-eabi/4.7.3/armv7e-m/fpu/crtend.o
LOAD c:/program files (x86)/atollic/truestudio for arm pro 4.3.1/armtools/bin/../lib/gcc/arm-atollic-eabi/4.7.3/armv7e-m/fpu/crtn.o
LOAD ..\Libraries\libBSP.a
LOAD ..\Libraries\libsGUI.a
                0x20020000                _estack = 0x20020000
                0x00001000                _Min_Heap_Size = 0x1000
                0x00001000                _Min_Stack_Size = 0x1000

.isr_vector     0x08000000      0x188
                0x08000000                . = ALIGN (0x4)
 *(.isr_vector)
 .isr_vector    0x08000000      0x188 src\startup.o
                0x08000000                g_pfnVectors
                0x08000188                . = ALIGN (0x4)

.text           0x08000188     0x2428
                0x08000188                . = ALIGN (0x4)
 *(.text)
 .text          0x08000188       0x54 c:/program files (x86)/atollic/truestudio for arm pro 4.3.1/armtools/bin/../lib/gcc/arm-atollic-eabi/4.7.3/armv7e-m/fpu/crtbegin.o
 .text          0x080001dc      0xba4 c:/program files (x86)/atollic/truestudio for arm pro 4.3.1/armtools/bin/../lib/gcc/arm-atollic-eabi/4.7.3/armv7e-m/fpu\libgcc.a(unwind-arm.o)
                0x080004a0                _Unwind_GetCFA
                0x080004a4                __gnu_Unwind_RaiseException
                0x08000504                __gnu_Unwind_ForcedUnwind
                0x0800051c                __gnu_Unwind_Resume
                0x08000560                __gnu_Unwind_Resume_or_Rethrow
                0x08000578                _Unwind_Complete
                0x0800057c                _Unwind_DeleteException
                0x0800058c                _Unwind_VRS_Get
                0x080005c8                _Unwind_VRS_Set
                0x08000964                __aeabi_unwind_cpp_pr2
                0x0800096c                __aeabi_unwind_cpp_pr1
                0x08000974                __aeabi_unwind_cpp_pr0
                0x0800097c                __gnu_Unwind_Backtrace
                0x080009e8                _Unwind_VRS_Pop
 .text          0x08000d80      0x1ac c:/program files (x86)/atollic/truestudio for arm pro 4.3.1/armtools/bin/../lib/gcc/arm-atollic-eabi/4.7.3/armv7e-m/fpu\libgcc.a(libunwind.o)
                0x08000d80                __restore_core_regs
                0x08000d80                restore_core_regs
                0x08000d98                __gnu_Unwind_Restore_VFP
                0x08000da0                __gnu_Unwind_Save_VFP
                0x08000da8                __gnu_Unwind_Restore_VFP_D
                0x08000db0                __gnu_Unwind_Save_VFP_D
                0x08000db8                __gnu_Unwind_Restore_VFP_D_16_to_31
                0x08000dc0                __gnu_Unwind_Save_VFP_D_16_to_31
                0x08000dc8                __gnu_Unwind_Restore_WMMXD
                0x08000e0c                __gnu_Unwind_Save_WMMXD
                0x08000e50                __gnu_Unwind_Restore_WMMXC
                0x08000e64                __gnu_Unwind_Save_WMMXC
                0x08000e78                ___Unwind_RaiseException
                0x08000e78                _Unwind_RaiseException
                0x08000e9c                _Unwind_Resume
                0x08000e9c                ___Unwind_Resume
                0x08000ec0                _Unwind_Resume_or_Rethrow
                0x08000ec0                ___Unwind_Resume_or_Rethrow
                0x08000ee4                _Unwind_ForcedUnwind
                0x08000ee4                ___Unwind_ForcedUnwind
                0x08000f08                ___Unwind_Backtrace
                0x08000f08                _Unwind_Backtrace
 .text          0x08000f2c      0x3a0 c:/program files (x86)/atollic/truestudio for arm pro 4.3.1/armtools/bin/../lib/gcc/arm-atollic-eabi/4.7.3/armv7e-m/fpu\libgcc.a(pr-support.o)
                0x08000f78                __gnu_unwind_execute
                0x08001274                __gnu_unwind_frame
                0x0800129c                _Unwind_GetRegionStart
                0x080012a8                _Unwind_GetLanguageSpecificData
                0x080012bc                _Unwind_GetDataRelBase
                0x080012c4                _Unwind_GetTextRelBase
 *(.text*)
 .text.Reset_Handler
                0x080012cc       0x54 src\startup.o
                0x080012cc                Reset_Handler
 .text.Default_Handler
                0x08001320       0x24 src\startup.o
                0x0800132a                RTC_Alarm_IRQHandler
                0x0800132a                HASH_RNG_IRQHandler
                0x0800132a                EXTI2_IRQHandler
                0x0800132a                TIM8_CC_IRQHandler
                0x0800132a                DebugMon_Handler
                0x0800132a                TIM1_CC_IRQHandler
                0x0800132a                DMA2_Stream5_IRQHandler
                0x0800132a                HardFault_Handler
                0x0800132a                DMA1_Stream5_IRQHandler
                0x0800132a                SysTick_Handler
                0x0800132a                PVD_IRQHandler
                0x0800132a                SDIO_IRQHandler
                0x0800132a                TAMP_STAMP_IRQHandler
                0x0800132a                PendSV_Handler
                0x0800132a                NMI_Handler
                0x0800132a                CAN2_RX1_IRQHandler
                0x0800132a                EXTI3_IRQHandler
                0x0800132a                TIM8_TRG_COM_TIM14_IRQHandler
                0x0800132a                TIM1_UP_TIM10_IRQHandler
                0x0800132a                TIM8_UP_TIM13_IRQHandler
                0x0800132a                I2C3_ER_IRQHandler
                0x0800132a                EXTI0_IRQHandler
                0x0800132a                I2C2_EV_IRQHandler
                0x0800132a                DMA1_Stream2_IRQHandler
                0x0800132a                CAN1_RX0_IRQHandler
                0x0800132a                FPU_IRQHandler
                0x0800132a                OTG_HS_WKUP_IRQHandler
                0x0800132a                UsageFault_Handler
                0x0800132a                CAN2_SCE_IRQHandler
                0x0800132a                DMA2_Stream2_IRQHandler
                0x0800132a                SPI1_IRQHandler
                0x0800132a                TIM6_DAC_IRQHandler
                0x0800132a                TIM1_BRK_TIM9_IRQHandler
                0x0800132a                DCMI_IRQHandler
                0x0800132a                CAN2_RX0_IRQHandler
                0x0800132a                DMA2_Stream3_IRQHandler
                0x0800132a                USART6_IRQHandler
                0x0800132a                USART3_IRQHandler
                0x0800132a                CRYP_IRQHandler
                0x0800132a                CAN1_RX1_IRQHandler
                0x0800132a                UART5_IRQHandler
                0x0800132a                DMA2_Stream0_IRQHandler
                0x0800132a                vApplicationMallocFailedHook
                0x0800132a                TIM4_IRQHandler
                0x0800132a                I2C1_EV_IRQHandler
                0x0800132a                DMA1_Stream6_IRQHandler
                0x0800132a                DMA1_Stream1_IRQHandler
                0x0800132a                UART4_IRQHandler
                0x0800132a                TIM3_IRQHandler
                0x0800132a                RCC_IRQHandler
                0x0800132a                TIM8_BRK_TIM12_IRQHandler
                0x0800132a                Default_Handler
                0x0800132a                EXTI15_10_IRQHandler
                0x0800132a                ADC_IRQHandler
                0x0800132a                DMA1_Stream7_IRQHandler
                0x0800132a                TIM7_IRQHandler
                0x0800132a                CAN2_TX_IRQHandler
                0x0800132a                TIM5_IRQHandler
                0x0800132a                DMA2_Stream7_IRQHandler
                0x0800132a                I2C3_EV_IRQHandler
                0x0800132a                vApplicationStackOverflowHook
                0x0800132a                EXTI9_5_IRQHandler
                0x0800132a                RTC_WKUP_IRQHandler
                0x0800132a                ETH_WKUP_IRQHandler
                0x0800132a                SPI2_IRQHandler
                0x0800132a                OTG_HS_EP1_IN_IRQHandler
                0x0800132a                MemManage_Handler
                0x0800132a                DMA1_Stream0_IRQHandler
                0x0800132a                CAN1_TX_IRQHandler
                0x0800132a                SVC_Handler
                0x0800132a                EXTI4_IRQHandler
                0x0800132a                FSMC_IRQHandler
                0x0800132a                ETH_IRQHandler
                0x0800132a                OTG_HS_EP1_OUT_IRQHandler
                0x0800132a                WWDG_IRQHandler
                0x0800132a                TIM2_IRQHandler
                0x0800132a                OTG_FS_WKUP_IRQHandler
                0x0800132a                TIM1_TRG_COM_TIM11_IRQHandler
                0x0800132a                OTG_HS_IRQHandler
                0x0800132a                EXTI1_IRQHandler
                0x0800132a                USART2_IRQHandler
                0x0800132a                I2C2_ER_IRQHandler
                0x0800132a                DMA2_Stream1_IRQHandler
                0x0800132a                CAN1_SCE_IRQHandler
                0x0800132a                FLASH_IRQHandler
                0x0800132a                DMA2_Stream4_IRQHandler
                0x0800132a                BusFault_Handler
                0x0800132a                USART1_IRQHandler
                0x0800132a                OTG_FS_IRQHandler
                0x0800132a                SPI3_IRQHandler
                0x0800132a                DMA1_Stream4_IRQHandler
                0x0800132a                I2C1_ER_IRQHandler
                0x0800132a                DMA2_Stream6_IRQHandler
                0x0800132a                DMA1_Stream3_IRQHandler
 .text.main     0x08001344       0x24 src\LiftSteuerung_test.o
                0x08001344                main
 .text._getpid  0x08001368        0x4 c:/program files (x86)/atollic/truestudio for arm pro 4.3.1/armtools/bin/../lib/gcc/arm-atollic-eabi/4.7.3/../../../../arm-atollic-eabi/lib/armv7e-m/fpu\libc.a(lib_a-syscalls.o)
                0x08001368                _getpid
 .text._kill    0x0800136c       0x10 c:/program files (x86)/atollic/truestudio for arm pro 4.3.1/armtools/bin/../lib/gcc/arm-atollic-eabi/4.7.3/../../../../arm-atollic-eabi/lib/armv7e-m/fpu\libc.a(lib_a-syscalls.o)
                0x0800136c                _kill
 .text._exit    0x0800137c        0xc c:/program files (x86)/atollic/truestudio for arm pro 4.3.1/armtools/bin/../lib/gcc/arm-atollic-eabi/4.7.3/../../../../arm-atollic-eabi/lib/armv7e-m/fpu\libc.a(lib_a-syscalls.o)
                0x0800137c                _exit
 .text._system_r
                0x08001388       0x16 c:/program files (x86)/atollic/truestudio for arm pro 4.3.1/armtools/bin/../lib/gcc/arm-atollic-eabi/4.7.3/../../../../arm-atollic-eabi/lib/armv7e-m/fpu\libc.a(lib_a-system.o)
                0x08001388                _system_r
 *fill*         0x0800139e        0x2 00
 .text.system   0x080013a0       0x10 c:/program files (x86)/atollic/truestudio for arm pro 4.3.1/armtools/bin/../lib/gcc/arm-atollic-eabi/4.7.3/../../../../arm-atollic-eabi/lib/armv7e-m/fpu\libc.a(lib_a-system.o)
                0x080013a0                system
 .text.__errno  0x080013b0        0xc c:/program files (x86)/atollic/truestudio for arm pro 4.3.1/armtools/bin/../lib/gcc/arm-atollic-eabi/4.7.3/../../../../arm-atollic-eabi/lib/armv7e-m/fpu\libc.a(lib_a-errno.o)
                0x080013b0                __errno
 .text.abort    0x080013bc        0xe c:/program files (x86)/atollic/truestudio for arm pro 4.3.1/armtools/bin/../lib/gcc/arm-atollic-eabi/4.7.3/../../../../arm-atollic-eabi/lib/armv7e-m/fpu\libc.a(lib_a-abort.o)
                0x080013bc                abort
 .text.memcpy   0x080013ca       0x12 c:/program files (x86)/atollic/truestudio for arm pro 4.3.1/armtools/bin/../lib/gcc/arm-atollic-eabi/4.7.3/../../../../arm-atollic-eabi/lib/armv7e-m/fpu\libc.a(lib_a-memcpy.o)
                0x080013ca                memcpy
 .text._raise_r
                0x080013dc       0x50 c:/program files (x86)/atollic/truestudio for arm pro 4.3.1/armtools/bin/../lib/gcc/arm-atollic-eabi/4.7.3/../../../../arm-atollic-eabi/lib/armv7e-m/fpu\libc.a(lib_a-signal.o)
                0x080013dc                _raise_r
 .text.raise    0x0800142c       0x10 c:/program files (x86)/atollic/truestudio for arm pro 4.3.1/armtools/bin/../lib/gcc/arm-atollic-eabi/4.7.3/../../../../arm-atollic-eabi/lib/armv7e-m/fpu\libc.a(lib_a-signal.o)
                0x0800142c                raise
 .text._kill_r  0x0800143c       0x24 c:/program files (x86)/atollic/truestudio for arm pro 4.3.1/armtools/bin/../lib/gcc/arm-atollic-eabi/4.7.3/../../../../arm-atollic-eabi/lib/armv7e-m/fpu\libc.a(lib_a-signalr.o)
                0x0800143c                _kill_r
 .text._getpid_r
                0x08001460        0x4 c:/program files (x86)/atollic/truestudio for arm pro 4.3.1/armtools/bin/../lib/gcc/arm-atollic-eabi/4.7.3/../../../../arm-atollic-eabi/lib/armv7e-m/fpu\libc.a(lib_a-signalr.o)
                0x08001460                _getpid_r
 .text.SystemInit
                0x08001464       0xb0 ..\Libraries\libBSP.a(system_stm32f4xx.o)
                0x08001464                SystemInit
 .text.SetSysClock
                0x08001514      0x188 ..\Libraries\libBSP.a(system_stm32f4xx.o)
 .text.CARME_Init
                0x0800169c       0xf8 ..\Libraries\libBSP.a(carme.o)
                0x0800169c                CARME_Init
 .text.CARME_FSMC_GPIO_Init
                0x08001794       0x60 ..\Libraries\libBSP.a(carme.o)
 .text.CARME_FSMC_Init
                0x080017f4      0x160 ..\Libraries\libBSP.a(carme.o)
 .text.CARME_AGPIO_Init
                0x08001954       0x2c ..\Libraries\libBSP.a(carme.o)
 .text.CARME_GPIO_Init
                0x08001980      0x248 ..\Libraries\libBSP.a(carme.o)
                0x08001980                CARME_GPIO_Init
 .text.CARME_AGPIO_Set
                0x08001bc8       0x84 ..\Libraries\libBSP.a(carme.o)
                0x08001bc8                CARME_AGPIO_Set
 .text.CARME_LED_Red_Set
                0x08001c4c       0x14 ..\Libraries\libBSP.a(carme.o)
                0x08001c4c                CARME_LED_Red_Set
 .text.CARME_LED_Red_Reset
                0x08001c60       0x14 ..\Libraries\libBSP.a(carme.o)
                0x08001c60                CARME_LED_Red_Reset
 .text.RCC_AHB1PeriphClockCmd
                0x08001c74       0x54 ..\Libraries\libBSP.a(stm32f4xx_rcc.o)
                0x08001c74                RCC_AHB1PeriphClockCmd
 .text.RCC_AHB3PeriphClockCmd
                0x08001cc8       0x54 ..\Libraries\libBSP.a(stm32f4xx_rcc.o)
                0x08001cc8                RCC_AHB3PeriphClockCmd
 .text.RCC_APB2PeriphClockCmd
                0x08001d1c       0x54 ..\Libraries\libBSP.a(stm32f4xx_rcc.o)
                0x08001d1c                RCC_APB2PeriphClockCmd
 .text.RCC_AHB1PeriphResetCmd
                0x08001d70       0x54 ..\Libraries\libBSP.a(stm32f4xx_rcc.o)
                0x08001d70                RCC_AHB1PeriphResetCmd
 .text.GPIO_DeInit
                0x08001dc4      0x1c8 ..\Libraries\libBSP.a(stm32f4xx_gpio.o)
                0x08001dc4                GPIO_DeInit
 .text.GPIO_Init
                0x08001f8c      0x144 ..\Libraries\libBSP.a(stm32f4xx_gpio.o)
                0x08001f8c                GPIO_Init
 .text.GPIO_StructInit
                0x080020d0       0x3c ..\Libraries\libBSP.a(stm32f4xx_gpio.o)
                0x080020d0                GPIO_StructInit
 .text.GPIO_WriteBit
                0x0800210c       0x30 ..\Libraries\libBSP.a(stm32f4xx_gpio.o)
                0x0800210c                GPIO_WriteBit
 .text.GPIO_PinAFConfig
                0x0800213c       0xa8 ..\Libraries\libBSP.a(stm32f4xx_gpio.o)
                0x0800213c                GPIO_PinAFConfig
 .text.FSMC_NORSRAMDeInit
                0x080021e4       0x5c ..\Libraries\libBSP.a(stm32f4xx_fsmc.o)
                0x080021e4                FSMC_NORSRAMDeInit
 .text.FSMC_NORSRAMInit
                0x08002240      0x150 ..\Libraries\libBSP.a(stm32f4xx_fsmc.o)
                0x08002240                FSMC_NORSRAMInit
 .text.FSMC_NORSRAMCmd
                0x08002390       0x54 ..\Libraries\libBSP.a(stm32f4xx_fsmc.o)
                0x08002390                FSMC_NORSRAMCmd
 *(.rodata)
 .rodata        0x080023e4        0x8 src\LiftSteuerung_test.o
 .rodata        0x080023ec      0x1a8 ..\Libraries\libBSP.a(carme.o)
 *(.rodata*)
 .rodata.str1.1
                0x08002594        0x2 c:/program files (x86)/atollic/truestudio for arm pro 4.3.1/armtools/bin/../lib/gcc/arm-atollic-eabi/4.7.3/../../../../arm-atollic-eabi/lib/armv7e-m/fpu\libc.a(lib_a-impure.o)
 *(.glue_7)
 .glue_7        0x00000000        0x0 linker stubs
 *(.glue_7t)
 .glue_7t       0x00000000        0x0 linker stubs
 *(.eh_frame)
 *fill*         0x08002596        0x2 00
 .eh_frame      0x08002598        0x0 c:/program files (x86)/atollic/truestudio for arm pro 4.3.1/armtools/bin/../lib/gcc/arm-atollic-eabi/4.7.3/armv7e-m/fpu/crtbegin.o
 *(.init)
 .init          0x08002598        0x4 c:/program files (x86)/atollic/truestudio for arm pro 4.3.1/armtools/bin/../lib/gcc/arm-atollic-eabi/4.7.3/armv7e-m/fpu/crti.o
                0x08002598                _init
 .init          0x0800259c        0x8 c:/program files (x86)/atollic/truestudio for arm pro 4.3.1/armtools/bin/../lib/gcc/arm-atollic-eabi/4.7.3/armv7e-m/fpu/crtn.o
 *(.fini)
 .fini          0x080025a4        0x4 c:/program files (x86)/atollic/truestudio for arm pro 4.3.1/armtools/bin/../lib/gcc/arm-atollic-eabi/4.7.3/armv7e-m/fpu/crti.o
                0x080025a4                _fini
 .fini          0x080025a8        0x8 c:/program files (x86)/atollic/truestudio for arm pro 4.3.1/armtools/bin/../lib/gcc/arm-atollic-eabi/4.7.3/armv7e-m/fpu/crtn.o
                0x080025b0                . = ALIGN (0x4)
                0x080025b0                _etext = .

.vfp11_veneer   0x080025b0        0x0
 .vfp11_veneer  0x00000000        0x0 linker stubs

.v4_bx          0x080025b0        0x0
 .v4_bx         0x00000000        0x0 linker stubs

.iplt           0x080025b0        0x0
 .iplt          0x00000000        0x0 c:/program files (x86)/atollic/truestudio for arm pro 4.3.1/armtools/bin/../lib/gcc/arm-atollic-eabi/4.7.3/armv7e-m/fpu/crtbegin.o

.ARM.extab      0x080025b0       0x3c
 *(.ARM.extab* .gnu.linkonce.armextab.*)
 .ARM.extab.text.main
                0x080025b0        0xc src\LiftSteuerung_test.o
 .ARM.extab     0x080025bc       0x18 c:/program files (x86)/atollic/truestudio for arm pro 4.3.1/armtools/bin/../lib/gcc/arm-atollic-eabi/4.7.3/armv7e-m/fpu\libgcc.a(unwind-arm.o)
 .ARM.extab     0x080025d4       0x18 c:/program files (x86)/atollic/truestudio for arm pro 4.3.1/armtools/bin/../lib/gcc/arm-atollic-eabi/4.7.3/armv7e-m/fpu\libgcc.a(pr-support.o)

.ARM            0x080025ec       0xd8
                0x080025ec                __exidx_start = .
 *(.ARM.exidx*)
 .ARM.exidx.text.main
                0x080026b4       0x10 src\LiftSteuerung_test.o
                                  0x8 (size before relaxing)
 .ARM.exidx     0x080025ec       0x90 c:/program files (x86)/atollic/truestudio for arm pro 4.3.1/armtools/bin/../lib/gcc/arm-atollic-eabi/4.7.3/armv7e-m/fpu\libgcc.a(unwind-arm.o)
                                 0xd8 (size before relaxing)
 .ARM.exidx     0x0800267c       0x38 c:/program files (x86)/atollic/truestudio for arm pro 4.3.1/armtools/bin/../lib/gcc/arm-atollic-eabi/4.7.3/armv7e-m/fpu\libgcc.a(pr-support.o)
                                 0x48 (size before relaxing)
                0x080026c4                __exidx_end = .

.rel.dyn        0x080026c4        0x0
 .rel.iplt      0x00000000        0x0 c:/program files (x86)/atollic/truestudio for arm pro 4.3.1/armtools/bin/../lib/gcc/arm-atollic-eabi/4.7.3/armv7e-m/fpu/crtbegin.o

.preinit_array  0x080026c4        0x0
                0x080026c4                PROVIDE (__preinit_array_start, .)
 *(.preinit_array*)
                0x080026c4                PROVIDE (__preinit_array_end, .)

.init_array     0x080026c4        0x4
                0x080026c4                PROVIDE (__init_array_start, .)
 *(SORT(.init_array.*))
 *(.init_array*)
 .init_array    0x080026c4        0x4 c:/program files (x86)/atollic/truestudio for arm pro 4.3.1/armtools/bin/../lib/gcc/arm-atollic-eabi/4.7.3/armv7e-m/fpu/crtbegin.o
                0x080026c8                PROVIDE (__init_array_end, .)

.fini_array     0x080026c8        0x4
                0x080026c8                PROVIDE (__fini_array_start, .)
 *(SORT(.fini_array.*))
 *(.fini_array*)
 .fini_array    0x080026c8        0x4 c:/program files (x86)/atollic/truestudio for arm pro 4.3.1/armtools/bin/../lib/gcc/arm-atollic-eabi/4.7.3/armv7e-m/fpu/crtbegin.o
                0x080026cc                PROVIDE (__fini_array_end, .)
                0x080026cc                _sidata = LOADADDR (.data)

.data           0x20000000      0x194 load address 0x080026cc
                0x20000000                . = ALIGN (0x4)
                0x20000000                _sdata = .
 *(.data)
 *(.data*)
 .data.impure_data
                0x20000000       0xf0 c:/program files (x86)/atollic/truestudio for arm pro 4.3.1/armtools/bin/../lib/gcc/arm-atollic-eabi/4.7.3/../../../../arm-atollic-eabi/lib/armv7e-m/fpu\libc.a(lib_a-impure.o)
 .data._impure_ptr
                0x200000f0        0x4 c:/program files (x86)/atollic/truestudio for arm pro 4.3.1/armtools/bin/../lib/gcc/arm-atollic-eabi/4.7.3/../../../../arm-atollic-eabi/lib/armv7e-m/fpu\libc.a(lib_a-impure.o)
                0x200000f0                _impure_ptr
 .data.CARME_AGPIO_Port_Pin
                0x200000f4       0xa0 ..\Libraries\libBSP.a(carme.o)
                0x20000194                . = ALIGN (0x4)
                0x20000194                _edata = .
                0x08002860                _siccmram = LOADADDR (.ccmram)

.jcr            0x20000194        0x0 load address 0x08002860
 .jcr           0x20000194        0x0 c:/program files (x86)/atollic/truestudio for arm pro 4.3.1/armtools/bin/../lib/gcc/arm-atollic-eabi/4.7.3/armv7e-m/fpu/crtbegin.o

.igot.plt       0x20000194        0x0 load address 0x08002860
 .igot.plt      0x00000000        0x0 c:/program files (x86)/atollic/truestudio for arm pro 4.3.1/armtools/bin/../lib/gcc/arm-atollic-eabi/4.7.3/armv7e-m/fpu/crtbegin.o

.ccmram         0x10000000        0x0 load address 0x08002860
                0x10000000                . = ALIGN (0x4)
                0x10000000                _sccmram = .
 *(.ccmram)
 *(.ccmram*)
                0x10000000                . = ALIGN (0x4)
                0x10000000                _eccmram = .
                0x10000000                . = ALIGN (0x4)

.bss            0x20000194       0x20
                0x20000194                _sbss = .
                0x20000194                __bss_start__ = _sbss
 *(.bss)
 .bss           0x20000194       0x1c c:/program files (x86)/atollic/truestudio for arm pro 4.3.1/armtools/bin/../lib/gcc/arm-atollic-eabi/4.7.3/armv7e-m/fpu/crtbegin.o
 *(.bss*)
 *(COMMON)
 COMMON         0x200001b0        0x4 c:/program files (x86)/atollic/truestudio for arm pro 4.3.1/armtools/bin/../lib/gcc/arm-atollic-eabi/4.7.3/../../../../arm-atollic-eabi/lib/armv7e-m/fpu\libc.a(lib_a-reent.o)
                0x200001b0                errno
                0x200001b4                . = ALIGN (0x4)
                0x200001b4                _ebss = .
                0x200001b4                __bss_end__ = _ebss

._user_heap_stack
                0x200001b4     0x2000
                0x200001b4                . = ALIGN (0x4)
                0x200001b4                PROVIDE (end, .)
                0x200001b4                PROVIDE (_end, .)
                0x200011b4                . = (. + _Min_Heap_Size)
 *fill*         0x200001b4     0x1000 00
                0x200021b4                . = (. + _Min_Stack_Size)
 *fill*         0x200011b4     0x1000 00
                0x200021b4                . = ALIGN (0x4)

.memory_b1_text
 *(.mb1text)
 *(.mb1text*)
 *(.mb1rodata)
 *(.mb1rodata*)

/DISCARD/
 libc.a(*)
 libm.a(*)
 libgcc.a(*)

.ARM.attributes
                0x00000000       0x32
 *(.ARM.attributes)
 .ARM.attributes
                0x00000000       0x24 c:/program files (x86)/atollic/truestudio for arm pro 4.3.1/armtools/bin/../lib/gcc/arm-atollic-eabi/4.7.3/armv7e-m/fpu/crti.o
 .ARM.attributes
                0x00000024       0x36 c:/program files (x86)/atollic/truestudio for arm pro 4.3.1/armtools/bin/../lib/gcc/arm-atollic-eabi/4.7.3/armv7e-m/fpu/crtbegin.o
 .ARM.attributes
                0x0000005a       0x21 src\startup.o
 .ARM.attributes
                0x0000007b       0x3b src\LiftSteuerung_test.o
 .ARM.attributes
                0x000000b6       0x36 c:/program files (x86)/atollic/truestudio for arm pro 4.3.1/armtools/bin/../lib/gcc/arm-atollic-eabi/4.7.3/../../../../arm-atollic-eabi/lib/armv7e-m/fpu\libc.a(lib_a-system.o)
 .ARM.attributes
                0x000000ec       0x36 c:/program files (x86)/atollic/truestudio for arm pro 4.3.1/armtools/bin/../lib/gcc/arm-atollic-eabi/4.7.3/../../../../arm-atollic-eabi/lib/armv7e-m/fpu\libc.a(lib_a-errno.o)
 .ARM.attributes
                0x00000122       0x36 c:/program files (x86)/atollic/truestudio for arm pro 4.3.1/armtools/bin/../lib/gcc/arm-atollic-eabi/4.7.3/../../../../arm-atollic-eabi/lib/armv7e-m/fpu\libc.a(lib_a-impure.o)
 .ARM.attributes
                0x00000158       0x36 c:/program files (x86)/atollic/truestudio for arm pro 4.3.1/armtools/bin/../lib/gcc/arm-atollic-eabi/4.7.3/../../../../arm-atollic-eabi/lib/armv7e-m/fpu\libc.a(lib_a-memcpy.o)
 .ARM.attributes
                0x0000018e       0x24 c:/program files (x86)/atollic/truestudio for arm pro 4.3.1/armtools/bin/../lib/gcc/arm-atollic-eabi/4.7.3/armv7e-m/fpu/crtn.o
 .ARM.attributes
                0x000001b2       0x3b ..\Libraries\libBSP.a(system_stm32f4xx.o)
 .ARM.attributes
                0x000001ed       0x3b ..\Libraries\libBSP.a(carme.o)
 .ARM.attributes
                0x00000228       0x3b ..\Libraries\libBSP.a(stm32f4xx_rcc.o)
 .ARM.attributes
                0x00000263       0x3b ..\Libraries\libBSP.a(stm32f4xx_gpio.o)
 .ARM.attributes
                0x0000029e       0x3b ..\Libraries\libBSP.a(stm32f4xx_fsmc.o)
OUTPUT(Liftsteuerung.elf elf32-littlearm)

.debug_line     0x00000000     0x15de
 .debug_line    0x00000000       0x79 src\startup.o
 .debug_line    0x00000079       0x50 src\LiftSteuerung_test.o
 .debug_line    0x000000c9      0x1f7 ..\Libraries\libBSP.a(system_stm32f4xx.o)
 .debug_line    0x000002c0      0x5b2 ..\Libraries\libBSP.a(carme.o)
 .debug_line    0x00000872      0x61d ..\Libraries\libBSP.a(stm32f4xx_rcc.o)
 .debug_line    0x00000e8f      0x31f ..\Libraries\libBSP.a(stm32f4xx_gpio.o)
 .debug_line    0x000011ae      0x430 ..\Libraries\libBSP.a(stm32f4xx_fsmc.o)

.debug_info     0x00000000     0x2d90
 .debug_info    0x00000000       0x7c src\startup.o
 .debug_info    0x0000007c       0xc4 src\LiftSteuerung_test.o
 .debug_info    0x00000140      0x62b ..\Libraries\libBSP.a(system_stm32f4xx.o)
 .debug_info    0x0000076b      0x6f9 ..\Libraries\libBSP.a(carme.o)
 .debug_info    0x00000e64      0xf30 ..\Libraries\libBSP.a(stm32f4xx_rcc.o)
 .debug_info    0x00001d94      0x647 ..\Libraries\libBSP.a(stm32f4xx_gpio.o)
 .debug_info    0x000023db      0x9b5 ..\Libraries\libBSP.a(stm32f4xx_fsmc.o)

.debug_abbrev   0x00000000      0x845
 .debug_abbrev  0x00000000       0x12 src\startup.o
 .debug_abbrev  0x00000012       0x5e src\LiftSteuerung_test.o
 .debug_abbrev  0x00000070      0x13a ..\Libraries\libBSP.a(system_stm32f4xx.o)
 .debug_abbrev  0x000001aa      0x1c2 ..\Libraries\libBSP.a(carme.o)
 .debug_abbrev  0x0000036c      0x1be ..\Libraries\libBSP.a(stm32f4xx_rcc.o)
 .debug_abbrev  0x0000052a      0x1a7 ..\Libraries\libBSP.a(stm32f4xx_gpio.o)
 .debug_abbrev  0x000006d1      0x174 ..\Libraries\libBSP.a(stm32f4xx_fsmc.o)

.debug_aranges  0x00000000      0x3e0
 .debug_aranges
                0x00000000       0x28 src\startup.o
 .debug_aranges
                0x00000028       0x20 src\LiftSteuerung_test.o
 .debug_aranges
                0x00000048       0x30 ..\Libraries\libBSP.a(system_stm32f4xx.o)
 .debug_aranges
                0x00000078       0x78 ..\Libraries\libBSP.a(carme.o)
 .debug_aranges
                0x000000f0      0x1b8 ..\Libraries\libBSP.a(stm32f4xx_rcc.o)
 .debug_aranges
                0x000002a8       0x88 ..\Libraries\libBSP.a(stm32f4xx_gpio.o)
 .debug_aranges
                0x00000330       0xb0 ..\Libraries\libBSP.a(stm32f4xx_fsmc.o)

.debug_ranges   0x00000000      0x378
 .debug_ranges  0x00000000       0x20 src\startup.o
 .debug_ranges  0x00000020       0x10 src\LiftSteuerung_test.o
 .debug_ranges  0x00000030       0x20 ..\Libraries\libBSP.a(system_stm32f4xx.o)
 .debug_ranges  0x00000050       0x68 ..\Libraries\libBSP.a(carme.o)
 .debug_ranges  0x000000b8      0x1a8 ..\Libraries\libBSP.a(stm32f4xx_rcc.o)
 .debug_ranges  0x00000260       0x78 ..\Libraries\libBSP.a(stm32f4xx_gpio.o)
 .debug_ranges  0x000002d8       0xa0 ..\Libraries\libBSP.a(stm32f4xx_fsmc.o)

.debug_loc      0x00000000     0x15a4
 .debug_loc     0x00000000       0x38 src\LiftSteuerung_test.o
 .debug_loc     0x00000038       0x9c ..\Libraries\libBSP.a(system_stm32f4xx.o)
 .debug_loc     0x000000d4      0x268 ..\Libraries\libBSP.a(carme.o)
 .debug_loc     0x0000033c      0xb3c ..\Libraries\libBSP.a(stm32f4xx_rcc.o)
 .debug_loc     0x00000e78      0x310 ..\Libraries\libBSP.a(stm32f4xx_gpio.o)
 .debug_loc     0x00001188      0x41c ..\Libraries\libBSP.a(stm32f4xx_fsmc.o)

.debug_str      0x00000000     0x14b5
 .debug_str     0x00000000      0x118 src\LiftSteuerung_test.o
                                0x151 (size before relaxing)
 .debug_str     0x00000118      0x2ba ..\Libraries\libBSP.a(system_stm32f4xx.o)
                                0x36d (size before relaxing)
 .debug_str     0x000003d2      0x548 ..\Libraries\libBSP.a(carme.o)
                                0x69a (size before relaxing)
 .debug_str     0x0000091a      0x6a4 ..\Libraries\libBSP.a(stm32f4xx_rcc.o)
                                0x943 (size before relaxing)
 .debug_str     0x00000fbe      0x137 ..\Libraries\libBSP.a(stm32f4xx_gpio.o)
                                0x451 (size before relaxing)
 .debug_str     0x000010f5      0x3c0 ..\Libraries\libBSP.a(stm32f4xx_fsmc.o)
                                0x742 (size before relaxing)

.comment        0x00000000       0x82
 .comment       0x00000000       0x82 src\LiftSteuerung_test.o
                                 0x83 (size before relaxing)
 .comment       0x00000000       0x83 ..\Libraries\libBSP.a(system_stm32f4xx.o)
 .comment       0x00000000       0x83 ..\Libraries\libBSP.a(carme.o)
 .comment       0x00000000       0x83 ..\Libraries\libBSP.a(stm32f4xx_rcc.o)
 .comment       0x00000000       0x83 ..\Libraries\libBSP.a(stm32f4xx_gpio.o)
 .comment       0x00000000       0x83 ..\Libraries\libBSP.a(stm32f4xx_fsmc.o)

.debug_frame    0x00000000      0xc00
 .debug_frame   0x00000000       0x30 src\LiftSteuerung_test.o
 .debug_frame   0x00000030       0x38 c:/program files (x86)/atollic/truestudio for arm pro 4.3.1/armtools/bin/../lib/gcc/arm-atollic-eabi/4.7.3/../../../../arm-atollic-eabi/lib/armv7e-m/fpu\libc.a(lib_a-system.o)
 .debug_frame   0x00000068       0x20 c:/program files (x86)/atollic/truestudio for arm pro 4.3.1/armtools/bin/../lib/gcc/arm-atollic-eabi/4.7.3/../../../../arm-atollic-eabi/lib/armv7e-m/fpu\libc.a(lib_a-errno.o)
 .debug_frame   0x00000088       0x28 c:/program files (x86)/atollic/truestudio for arm pro 4.3.1/armtools/bin/../lib/gcc/arm-atollic-eabi/4.7.3/../../../../arm-atollic-eabi/lib/armv7e-m/fpu\libc.a(lib_a-memcpy.o)
 .debug_frame   0x000000b0       0x64 ..\Libraries\libBSP.a(system_stm32f4xx.o)
 .debug_frame   0x00000114      0x178 ..\Libraries\libBSP.a(carme.o)
 .debug_frame   0x0000028c      0x5b8 ..\Libraries\libBSP.a(stm32f4xx_rcc.o)
 .debug_frame   0x00000844      0x19c ..\Libraries\libBSP.a(stm32f4xx_gpio.o)
 .debug_frame   0x000009e0      0x220 ..\Libraries\libBSP.a(stm32f4xx_fsmc.o)

Cross Reference Table

Symbol                                            File
ADC_IRQHandler                                    src\startup.o
AHBPrescTable                                     ..\Libraries\libBSP.a(system_stm32f4xx.o)
BusFault_Handler                                  src\startup.o
CAN1_RX0_IRQHandler                               src\startup.o
CAN1_RX1_IRQHandler                               src\startup.o
CAN1_SCE_IRQHandler                               src\startup.o
CAN1_TX_IRQHandler                                src\startup.o
CAN2_RX0_IRQHandler                               src\startup.o
CAN2_RX1_IRQHandler                               src\startup.o
CAN2_SCE_IRQHandler                               src\startup.o
CAN2_TX_IRQHandler                                src\startup.o
CARME_AGPIO_Get                                   ..\Libraries\libBSP.a(carme.o)
CARME_AGPIO_Set                                   ..\Libraries\libBSP.a(carme.o)
CARME_GPIO_Init                                   ..\Libraries\libBSP.a(carme.o)
CARME_Init                                        ..\Libraries\libBSP.a(carme.o)
                                                  src\startup.o
CARME_LED_Green_Reset                             ..\Libraries\libBSP.a(carme.o)
CARME_LED_Green_Set                               ..\Libraries\libBSP.a(carme.o)
CARME_LED_Red_Reset                               ..\Libraries\libBSP.a(carme.o)
                                                  src\startup.o
CARME_LED_Red_Set                                 ..\Libraries\libBSP.a(carme.o)
                                                  src\startup.o
CRYP_IRQHandler                                   src\startup.o
Cabin::Cabin()                                    src\Cabin.o
Cabin::Cabin()                                    src\Cabin.o
Cabin::~Cabin()                                   src\Cabin.o
Cabin::~Cabin()                                   src\Cabin.o
Cabin::~Cabin()                                   src\Cabin.o
CallButtons::CallButtons()                        src\CallButtons.o
CallButtons::CallButtons()                        src\CallButtons.o
CallButtons::~CallButtons()                       src\CallButtons.o
CallButtons::~CallButtons()                       src\CallButtons.o
CallButtons::~CallButtons()                       src\CallButtons.o
ControlUnit::ControlUnit()                        src\ControlUnit.o
ControlUnit::ControlUnit()                        src\ControlUnit.o
ControlUnit::~ControlUnit()                       src\ControlUnit.o
ControlUnit::~ControlUnit()                       src\ControlUnit.o
ControlUnit::~ControlUnit()                       src\ControlUnit.o
DCMI_IRQHandler                                   src\startup.o
DMA1_Stream0_IRQHandler                           src\startup.o
DMA1_Stream1_IRQHandler                           src\startup.o
DMA1_Stream2_IRQHandler                           src\startup.o
DMA1_Stream3_IRQHandler                           src\startup.o
DMA1_Stream4_IRQHandler                           src\startup.o
DMA1_Stream5_IRQHandler                           src\startup.o
DMA1_Stream6_IRQHandler                           src\startup.o
DMA1_Stream7_IRQHandler                           src\startup.o
DMA2_Stream0_IRQHandler                           src\startup.o
DMA2_Stream1_IRQHandler                           src\startup.o
DMA2_Stream2_IRQHandler                           src\startup.o
DMA2_Stream3_IRQHandler                           src\startup.o
DMA2_Stream4_IRQHandler                           src\startup.o
DMA2_Stream5_IRQHandler                           src\startup.o
DMA2_Stream6_IRQHandler                           src\startup.o
DMA2_Stream7_IRQHandler                           src\startup.o
DebugMon_Handler                                  src\startup.o
Default_Handler                                   src\startup.o
Dispatcher::Dispatcher()                          src\Dispatcher.o
Dispatcher::Dispatcher()                          src\Dispatcher.o
Dispatcher::~Dispatcher()                         src\Dispatcher.o
Dispatcher::~Dispatcher()                         src\Dispatcher.o
Dispatcher::~Dispatcher()                         src\Dispatcher.o
ETH_IRQHandler                                    src\startup.o
ETH_WKUP_IRQHandler                               src\startup.o
EXTI0_IRQHandler                                  src\startup.o
EXTI15_10_IRQHandler                              src\startup.o
EXTI1_IRQHandler                                  src\startup.o
EXTI2_IRQHandler                                  src\startup.o
EXTI3_IRQHandler                                  src\startup.o
EXTI4_IRQHandler                                  src\startup.o
EXTI9_5_IRQHandler                                src\startup.o
FLASH_IRQHandler                                  src\startup.o
FPU_IRQHandler                                    src\startup.o
FSMC_ClearFlag                                    ..\Libraries\libBSP.a(stm32f4xx_fsmc.o)
FSMC_ClearITPendingBit                            ..\Libraries\libBSP.a(stm32f4xx_fsmc.o)
FSMC_GetECC                                       ..\Libraries\libBSP.a(stm32f4xx_fsmc.o)
FSMC_GetFlagStatus                                ..\Libraries\libBSP.a(stm32f4xx_fsmc.o)
FSMC_GetITStatus                                  ..\Libraries\libBSP.a(stm32f4xx_fsmc.o)
FSMC_IRQHandler                                   src\startup.o
FSMC_ITConfig                                     ..\Libraries\libBSP.a(stm32f4xx_fsmc.o)
FSMC_NANDCmd                                      ..\Libraries\libBSP.a(stm32f4xx_fsmc.o)
FSMC_NANDDeInit                                   ..\Libraries\libBSP.a(stm32f4xx_fsmc.o)
FSMC_NANDECCCmd                                   ..\Libraries\libBSP.a(stm32f4xx_fsmc.o)
FSMC_NANDInit                                     ..\Libraries\libBSP.a(stm32f4xx_fsmc.o)
FSMC_NANDStructInit                               ..\Libraries\libBSP.a(stm32f4xx_fsmc.o)
FSMC_NORSRAMCmd                                   ..\Libraries\libBSP.a(stm32f4xx_fsmc.o)
                                                  ..\Libraries\libBSP.a(carme.o)
FSMC_NORSRAMDeInit                                ..\Libraries\libBSP.a(stm32f4xx_fsmc.o)
                                                  ..\Libraries\libBSP.a(carme.o)
FSMC_NORSRAMInit                                  ..\Libraries\libBSP.a(stm32f4xx_fsmc.o)
                                                  ..\Libraries\libBSP.a(carme.o)
FSMC_NORSRAMStructInit                            ..\Libraries\libBSP.a(stm32f4xx_fsmc.o)
FSMC_PCCARDCmd                                    ..\Libraries\libBSP.a(stm32f4xx_fsmc.o)
FSMC_PCCARDDeInit                                 ..\Libraries\libBSP.a(stm32f4xx_fsmc.o)
FSMC_PCCARDInit                                   ..\Libraries\libBSP.a(stm32f4xx_fsmc.o)
FSMC_PCCARDStructInit                             ..\Libraries\libBSP.a(stm32f4xx_fsmc.o)
FloorChooseButtons::FloorChooseButtons()          src\FloorChooseButtons.o
FloorChooseButtons::FloorChooseButtons()          src\FloorChooseButtons.o
FloorChooseButtons::~FloorChooseButtons()         src\FloorChooseButtons.o
FloorChooseButtons::~FloorChooseButtons()         src\FloorChooseButtons.o
FloorChooseButtons::~FloorChooseButtons()         src\FloorChooseButtons.o
FloorIndicator::FloorIndicator()                  src\FloorIndicator.o
FloorIndicator::FloorIndicator()                  src\FloorIndicator.o
FloorIndicator::~FloorIndicator()                 src\FloorIndicator.o
FloorIndicator::~FloorIndicator()                 src\FloorIndicator.o
FloorIndicator::~FloorIndicator()                 src\FloorIndicator.o
GPIO_DeInit                                       ..\Libraries\libBSP.a(stm32f4xx_gpio.o)
                                                  ..\Libraries\libBSP.a(carme.o)
GPIO_Init                                         ..\Libraries\libBSP.a(stm32f4xx_gpio.o)
                                                  ..\Libraries\libBSP.a(carme.o)
GPIO_PinAFConfig                                  ..\Libraries\libBSP.a(stm32f4xx_gpio.o)
                                                  ..\Libraries\libBSP.a(carme.o)
GPIO_PinLockConfig                                ..\Libraries\libBSP.a(stm32f4xx_gpio.o)
GPIO_ReadInputData                                ..\Libraries\libBSP.a(stm32f4xx_gpio.o)
GPIO_ReadInputDataBit                             ..\Libraries\libBSP.a(stm32f4xx_gpio.o)
                                                  ..\Libraries\libBSP.a(carme.o)
GPIO_ReadOutputData                               ..\Libraries\libBSP.a(stm32f4xx_gpio.o)
GPIO_ReadOutputDataBit                            ..\Libraries\libBSP.a(stm32f4xx_gpio.o)
                                                  ..\Libraries\libBSP.a(carme.o)
GPIO_ResetBits                                    ..\Libraries\libBSP.a(stm32f4xx_gpio.o)
GPIO_SetBits                                      ..\Libraries\libBSP.a(stm32f4xx_gpio.o)
GPIO_StructInit                                   ..\Libraries\libBSP.a(stm32f4xx_gpio.o)
                                                  ..\Libraries\libBSP.a(carme.o)
GPIO_ToggleBits                                   ..\Libraries\libBSP.a(stm32f4xx_gpio.o)
GPIO_Write                                        ..\Libraries\libBSP.a(stm32f4xx_gpio.o)
GPIO_WriteBit                                     ..\Libraries\libBSP.a(stm32f4xx_gpio.o)
                                                  ..\Libraries\libBSP.a(carme.o)
HASH_RNG_IRQHandler                               src\startup.o
HardFault_Handler                                 src\startup.o
I2C1_ER_IRQHandler                                src\startup.o
I2C1_EV_IRQHandler                                src\startup.o
I2C2_ER_IRQHandler                                src\startup.o
I2C2_EV_IRQHandler                                src\startup.o
I2C3_ER_IRQHandler                                src\startup.o
I2C3_EV_IRQHandler                                src\startup.o
IOManager::IOManager()                            src\IOManager.o
IOManager::IOManager()                            src\IOManager.o
IOManager::~IOManager()                           src\IOManager.o
IOManager::~IOManager()                           src\IOManager.o
IOManager::~IOManager()                           src\IOManager.o
LiftSteuerung::LiftSteuerung()                    src\LiftSteuerung.o
LiftSteuerung::LiftSteuerung()                    src\LiftSteuerung.o
LiftSteuerung::~LiftSteuerung()                   src\LiftSteuerung.o
LiftSteuerung::~LiftSteuerung()                   src\LiftSteuerung.o
LiftSteuerung::~LiftSteuerung()                   src\LiftSteuerung.o
MemManage_Handler                                 src\startup.o
Motor::Motor()                                    src\Motor.o
Motor::Motor()                                    src\Motor.o
Motor::~Motor()                                   src\Motor.o
Motor::~Motor()                                   src\Motor.o
Motor::~Motor()                                   src\Motor.o
NMI_Handler                                       src\startup.o
OTG_FS_IRQHandler                                 src\startup.o
OTG_FS_WKUP_IRQHandler                            src\startup.o
OTG_HS_EP1_IN_IRQHandler                          src\startup.o
OTG_HS_EP1_OUT_IRQHandler                         src\startup.o
OTG_HS_IRQHandler                                 src\startup.o
OTG_HS_WKUP_IRQHandler                            src\startup.o
PVD_IRQHandler                                    src\startup.o
PendSV_Handler                                    src\startup.o
PositionSensors::PositionSensors()                src\PositionSensors.o
PositionSensors::PositionSensors()                src\PositionSensors.o
PositionSensors::~PositionSensors()               src\PositionSensors.o
PositionSensors::~PositionSensors()               src\PositionSensors.o
PositionSensors::~PositionSensors()               src\PositionSensors.o
RCC_AHB1PeriphClockCmd                            ..\Libraries\libBSP.a(stm32f4xx_rcc.o)
                                                  ..\Libraries\libBSP.a(carme.o)
RCC_AHB1PeriphClockLPModeCmd                      ..\Libraries\libBSP.a(stm32f4xx_rcc.o)
RCC_AHB1PeriphResetCmd                            ..\Libraries\libBSP.a(stm32f4xx_rcc.o)
                                                  ..\Libraries\libBSP.a(stm32f4xx_gpio.o)
RCC_AHB2PeriphClockCmd                            ..\Libraries\libBSP.a(stm32f4xx_rcc.o)
RCC_AHB2PeriphClockLPModeCmd                      ..\Libraries\libBSP.a(stm32f4xx_rcc.o)
RCC_AHB2PeriphResetCmd                            ..\Libraries\libBSP.a(stm32f4xx_rcc.o)
RCC_AHB3PeriphClockCmd                            ..\Libraries\libBSP.a(stm32f4xx_rcc.o)
                                                  ..\Libraries\libBSP.a(carme.o)
RCC_AHB3PeriphClockLPModeCmd                      ..\Libraries\libBSP.a(stm32f4xx_rcc.o)
RCC_AHB3PeriphResetCmd                            ..\Libraries\libBSP.a(stm32f4xx_rcc.o)
RCC_APB1PeriphClockCmd                            ..\Libraries\libBSP.a(stm32f4xx_rcc.o)
RCC_APB1PeriphClockLPModeCmd                      ..\Libraries\libBSP.a(stm32f4xx_rcc.o)
RCC_APB1PeriphResetCmd                            ..\Libraries\libBSP.a(stm32f4xx_rcc.o)
RCC_APB2PeriphClockCmd                            ..\Libraries\libBSP.a(stm32f4xx_rcc.o)
                                                  ..\Libraries\libBSP.a(carme.o)
RCC_APB2PeriphClockLPModeCmd                      ..\Libraries\libBSP.a(stm32f4xx_rcc.o)
RCC_APB2PeriphResetCmd                            ..\Libraries\libBSP.a(stm32f4xx_rcc.o)
RCC_AdjustHSICalibrationValue                     ..\Libraries\libBSP.a(stm32f4xx_rcc.o)
RCC_BackupResetCmd                                ..\Libraries\libBSP.a(stm32f4xx_rcc.o)
RCC_ClearFlag                                     ..\Libraries\libBSP.a(stm32f4xx_rcc.o)
RCC_ClearITPendingBit                             ..\Libraries\libBSP.a(stm32f4xx_rcc.o)
RCC_ClockSecuritySystemCmd                        ..\Libraries\libBSP.a(stm32f4xx_rcc.o)
RCC_DeInit                                        ..\Libraries\libBSP.a(stm32f4xx_rcc.o)
RCC_GetClocksFreq                                 ..\Libraries\libBSP.a(stm32f4xx_rcc.o)
RCC_GetFlagStatus                                 ..\Libraries\libBSP.a(stm32f4xx_rcc.o)
RCC_GetITStatus                                   ..\Libraries\libBSP.a(stm32f4xx_rcc.o)
RCC_GetSYSCLKSource                               ..\Libraries\libBSP.a(stm32f4xx_rcc.o)
RCC_HCLKConfig                                    ..\Libraries\libBSP.a(stm32f4xx_rcc.o)
RCC_HSEConfig                                     ..\Libraries\libBSP.a(stm32f4xx_rcc.o)
RCC_HSICmd                                        ..\Libraries\libBSP.a(stm32f4xx_rcc.o)
RCC_I2SCLKConfig                                  ..\Libraries\libBSP.a(stm32f4xx_rcc.o)
RCC_IRQHandler                                    src\startup.o
RCC_ITConfig                                      ..\Libraries\libBSP.a(stm32f4xx_rcc.o)
RCC_LSEConfig                                     ..\Libraries\libBSP.a(stm32f4xx_rcc.o)
RCC_LSICmd                                        ..\Libraries\libBSP.a(stm32f4xx_rcc.o)
RCC_LTDCCLKDivConfig                              ..\Libraries\libBSP.a(stm32f4xx_rcc.o)
RCC_MCO1Config                                    ..\Libraries\libBSP.a(stm32f4xx_rcc.o)
RCC_MCO2Config                                    ..\Libraries\libBSP.a(stm32f4xx_rcc.o)
RCC_PCLK1Config                                   ..\Libraries\libBSP.a(stm32f4xx_rcc.o)
RCC_PCLK2Config                                   ..\Libraries\libBSP.a(stm32f4xx_rcc.o)
RCC_PLLCmd                                        ..\Libraries\libBSP.a(stm32f4xx_rcc.o)
RCC_PLLConfig                                     ..\Libraries\libBSP.a(stm32f4xx_rcc.o)
RCC_PLLI2SCmd                                     ..\Libraries\libBSP.a(stm32f4xx_rcc.o)
RCC_PLLI2SConfig                                  ..\Libraries\libBSP.a(stm32f4xx_rcc.o)
RCC_PLLSAICmd                                     ..\Libraries\libBSP.a(stm32f4xx_rcc.o)
RCC_PLLSAIConfig                                  ..\Libraries\libBSP.a(stm32f4xx_rcc.o)
RCC_RTCCLKCmd                                     ..\Libraries\libBSP.a(stm32f4xx_rcc.o)
RCC_RTCCLKConfig                                  ..\Libraries\libBSP.a(stm32f4xx_rcc.o)
RCC_SAIBlockACLKConfig                            ..\Libraries\libBSP.a(stm32f4xx_rcc.o)
RCC_SAIBlockBCLKConfig                            ..\Libraries\libBSP.a(stm32f4xx_rcc.o)
RCC_SAIPLLI2SClkDivConfig                         ..\Libraries\libBSP.a(stm32f4xx_rcc.o)
RCC_SAIPLLSAIClkDivConfig                         ..\Libraries\libBSP.a(stm32f4xx_rcc.o)
RCC_SYSCLKConfig                                  ..\Libraries\libBSP.a(stm32f4xx_rcc.o)
RCC_TIMCLKPresConfig                              ..\Libraries\libBSP.a(stm32f4xx_rcc.o)
RCC_WaitForHSEStartUp                             ..\Libraries\libBSP.a(stm32f4xx_rcc.o)
RTC_Alarm_IRQHandler                              src\startup.o
RTC_WKUP_IRQHandler                               src\startup.o
Reset_Handler                                     src\startup.o
SDIO_IRQHandler                                   src\startup.o
SPI1_IRQHandler                                   src\startup.o
SPI2_IRQHandler                                   src\startup.o
SPI3_IRQHandler                                   src\startup.o
SVC_Handler                                       src\startup.o
SysTick_Handler                                   src\startup.o
SystemCoreClock                                   ..\Libraries\libBSP.a(system_stm32f4xx.o)
SystemCoreClockUpdate                             ..\Libraries\libBSP.a(system_stm32f4xx.o)
SystemInit                                        ..\Libraries\libBSP.a(system_stm32f4xx.o)
                                                  src\startup.o
TAMP_STAMP_IRQHandler                             src\startup.o
TIM1_BRK_TIM9_IRQHandler                          src\startup.o
TIM1_CC_IRQHandler                                src\startup.o
TIM1_TRG_COM_TIM11_IRQHandler                     src\startup.o
TIM1_UP_TIM10_IRQHandler                          src\startup.o
TIM2_IRQHandler                                   src\startup.o
TIM3_IRQHandler                                   src\startup.o
TIM4_IRQHandler                                   src\startup.o
TIM5_IRQHandler                                   src\startup.o
TIM6_DAC_IRQHandler                               src\startup.o
TIM7_IRQHandler                                   src\startup.o
TIM8_BRK_TIM12_IRQHandler                         src\startup.o
TIM8_CC_IRQHandler                                src\startup.o
TIM8_TRG_COM_TIM14_IRQHandler                     src\startup.o
TIM8_UP_TIM13_IRQHandler                          src\startup.o
UART4_IRQHandler                                  src\startup.o
UART5_IRQHandler                                  src\startup.o
USART1_IRQHandler                                 src\startup.o
USART2_IRQHandler                                 src\startup.o
USART3_IRQHandler                                 src\startup.o
USART6_IRQHandler                                 src\startup.o
UsageFault_Handler                                src\startup.o
WWDG_IRQHandler                                   src\startup.o
_Jv_RegisterClasses                               c:/program files (x86)/atollic/truestudio for arm pro 4.3.1/armtools/bin/../lib/gcc/arm-atollic-eabi/4.7.3/armv7e-m/fpu/crtbegin.o
_Unwind_Backtrace                                 c:/program files (x86)/atollic/truestudio for arm pro 4.3.1/armtools/bin/../lib/gcc/arm-atollic-eabi/4.7.3/armv7e-m/fpu\libgcc.a(libunwind.o)
_Unwind_Complete                                  c:/program files (x86)/atollic/truestudio for arm pro 4.3.1/armtools/bin/../lib/gcc/arm-atollic-eabi/4.7.3/armv7e-m/fpu\libgcc.a(unwind-arm.o)
_Unwind_DeleteException                           c:/program files (x86)/atollic/truestudio for arm pro 4.3.1/armtools/bin/../lib/gcc/arm-atollic-eabi/4.7.3/armv7e-m/fpu\libgcc.a(unwind-arm.o)
_Unwind_ForcedUnwind                              c:/program files (x86)/atollic/truestudio for arm pro 4.3.1/armtools/bin/../lib/gcc/arm-atollic-eabi/4.7.3/armv7e-m/fpu\libgcc.a(libunwind.o)
_Unwind_GetCFA                                    c:/program files (x86)/atollic/truestudio for arm pro 4.3.1/armtools/bin/../lib/gcc/arm-atollic-eabi/4.7.3/armv7e-m/fpu\libgcc.a(unwind-arm.o)
_Unwind_GetDataRelBase                            c:/program files (x86)/atollic/truestudio for arm pro 4.3.1/armtools/bin/../lib/gcc/arm-atollic-eabi/4.7.3/armv7e-m/fpu\libgcc.a(pr-support.o)
_Unwind_GetLanguageSpecificData                   c:/program files (x86)/atollic/truestudio for arm pro 4.3.1/armtools/bin/../lib/gcc/arm-atollic-eabi/4.7.3/armv7e-m/fpu\libgcc.a(pr-support.o)
_Unwind_GetRegionStart                            c:/program files (x86)/atollic/truestudio for arm pro 4.3.1/armtools/bin/../lib/gcc/arm-atollic-eabi/4.7.3/armv7e-m/fpu\libgcc.a(pr-support.o)
_Unwind_GetTextRelBase                            c:/program files (x86)/atollic/truestudio for arm pro 4.3.1/armtools/bin/../lib/gcc/arm-atollic-eabi/4.7.3/armv7e-m/fpu\libgcc.a(pr-support.o)
_Unwind_RaiseException                            c:/program files (x86)/atollic/truestudio for arm pro 4.3.1/armtools/bin/../lib/gcc/arm-atollic-eabi/4.7.3/armv7e-m/fpu\libgcc.a(libunwind.o)
_Unwind_Resume                                    c:/program files (x86)/atollic/truestudio for arm pro 4.3.1/armtools/bin/../lib/gcc/arm-atollic-eabi/4.7.3/armv7e-m/fpu\libgcc.a(libunwind.o)
_Unwind_Resume_or_Rethrow                         c:/program files (x86)/atollic/truestudio for arm pro 4.3.1/armtools/bin/../lib/gcc/arm-atollic-eabi/4.7.3/armv7e-m/fpu\libgcc.a(libunwind.o)
_Unwind_VRS_Get                                   c:/program files (x86)/atollic/truestudio for arm pro 4.3.1/armtools/bin/../lib/gcc/arm-atollic-eabi/4.7.3/armv7e-m/fpu\libgcc.a(unwind-arm.o)
                                                  c:/program files (x86)/atollic/truestudio for arm pro 4.3.1/armtools/bin/../lib/gcc/arm-atollic-eabi/4.7.3/armv7e-m/fpu\libgcc.a(pr-support.o)
_Unwind_VRS_Pop                                   c:/program files (x86)/atollic/truestudio for arm pro 4.3.1/armtools/bin/../lib/gcc/arm-atollic-eabi/4.7.3/armv7e-m/fpu\libgcc.a(unwind-arm.o)
                                                  c:/program files (x86)/atollic/truestudio for arm pro 4.3.1/armtools/bin/../lib/gcc/arm-atollic-eabi/4.7.3/armv7e-m/fpu\libgcc.a(pr-support.o)
_Unwind_VRS_Set                                   c:/program files (x86)/atollic/truestudio for arm pro 4.3.1/armtools/bin/../lib/gcc/arm-atollic-eabi/4.7.3/armv7e-m/fpu\libgcc.a(unwind-arm.o)
                                                  c:/program files (x86)/atollic/truestudio for arm pro 4.3.1/armtools/bin/../lib/gcc/arm-atollic-eabi/4.7.3/armv7e-m/fpu\libgcc.a(pr-support.o)
___Unwind_Backtrace                               c:/program files (x86)/atollic/truestudio for arm pro 4.3.1/armtools/bin/../lib/gcc/arm-atollic-eabi/4.7.3/armv7e-m/fpu\libgcc.a(libunwind.o)
___Unwind_ForcedUnwind                            c:/program files (x86)/atollic/truestudio for arm pro 4.3.1/armtools/bin/../lib/gcc/arm-atollic-eabi/4.7.3/armv7e-m/fpu\libgcc.a(libunwind.o)
___Unwind_RaiseException                          c:/program files (x86)/atollic/truestudio for arm pro 4.3.1/armtools/bin/../lib/gcc/arm-atollic-eabi/4.7.3/armv7e-m/fpu\libgcc.a(libunwind.o)
___Unwind_Resume                                  c:/program files (x86)/atollic/truestudio for arm pro 4.3.1/armtools/bin/../lib/gcc/arm-atollic-eabi/4.7.3/armv7e-m/fpu\libgcc.a(libunwind.o)
___Unwind_Resume_or_Rethrow                       c:/program files (x86)/atollic/truestudio for arm pro 4.3.1/armtools/bin/../lib/gcc/arm-atollic-eabi/4.7.3/armv7e-m/fpu\libgcc.a(libunwind.o)
__aeabi_unwind_cpp_pr0                            c:/program files (x86)/atollic/truestudio for arm pro 4.3.1/armtools/bin/../lib/gcc/arm-atollic-eabi/4.7.3/armv7e-m/fpu\libgcc.a(unwind-arm.o)
                                                  c:/program files (x86)/atollic/truestudio for arm pro 4.3.1/armtools/bin/../lib/gcc/arm-atollic-eabi/4.7.3/armv7e-m/fpu\libgcc.a(pr-support.o)
__aeabi_unwind_cpp_pr1                            c:/program files (x86)/atollic/truestudio for arm pro 4.3.1/armtools/bin/../lib/gcc/arm-atollic-eabi/4.7.3/armv7e-m/fpu\libgcc.a(unwind-arm.o)
                                                  c:/program files (x86)/atollic/truestudio for arm pro 4.3.1/armtools/bin/../lib/gcc/arm-atollic-eabi/4.7.3/armv7e-m/fpu\libgcc.a(pr-support.o)
                                                  src\LiftSteuerung_test.o
__aeabi_unwind_cpp_pr2                            c:/program files (x86)/atollic/truestudio for arm pro 4.3.1/armtools/bin/../lib/gcc/arm-atollic-eabi/4.7.3/armv7e-m/fpu\libgcc.a(unwind-arm.o)
__cxa_begin_cleanup                               c:/program files (x86)/atollic/truestudio for arm pro 4.3.1/armtools/bin/../lib/gcc/arm-atollic-eabi/4.7.3/armv7e-m/fpu\libgcc.a(unwind-arm.o)
__cxa_call_unexpected                             c:/program files (x86)/atollic/truestudio for arm pro 4.3.1/armtools/bin/../lib/gcc/arm-atollic-eabi/4.7.3/armv7e-m/fpu\libgcc.a(unwind-arm.o)
__cxa_type_match                                  c:/program files (x86)/atollic/truestudio for arm pro 4.3.1/armtools/bin/../lib/gcc/arm-atollic-eabi/4.7.3/armv7e-m/fpu\libgcc.a(unwind-arm.o)
__deregister_frame_info                           c:/program files (x86)/atollic/truestudio for arm pro 4.3.1/armtools/bin/../lib/gcc/arm-atollic-eabi/4.7.3/armv7e-m/fpu/crtbegin.o
__dso_handle                                      c:/program files (x86)/atollic/truestudio for arm pro 4.3.1/armtools/bin/../lib/gcc/arm-atollic-eabi/4.7.3/armv7e-m/fpu/crtbegin.o
__env                                             c:/program files (x86)/atollic/truestudio for arm pro 4.3.1/armtools/bin/../lib/gcc/arm-atollic-eabi/4.7.3/../../../../arm-atollic-eabi/lib/armv7e-m/fpu\libc.a(lib_a-syscalls.o)
__errno                                           c:/program files (x86)/atollic/truestudio for arm pro 4.3.1/armtools/bin/../lib/gcc/arm-atollic-eabi/4.7.3/../../../../arm-atollic-eabi/lib/armv7e-m/fpu\libc.a(lib_a-errno.o)
                                                  c:/program files (x86)/atollic/truestudio for arm pro 4.3.1/armtools/bin/../lib/gcc/arm-atollic-eabi/4.7.3/../../../../arm-atollic-eabi/lib/armv7e-m/fpu\libc.a(lib_a-system.o)
__exidx_end                                       c:/program files (x86)/atollic/truestudio for arm pro 4.3.1/armtools/bin/../lib/gcc/arm-atollic-eabi/4.7.3/armv7e-m/fpu\libgcc.a(unwind-arm.o)
__exidx_start                                     c:/program files (x86)/atollic/truestudio for arm pro 4.3.1/armtools/bin/../lib/gcc/arm-atollic-eabi/4.7.3/armv7e-m/fpu\libgcc.a(unwind-arm.o)
__gnu_Unwind_Backtrace                            c:/program files (x86)/atollic/truestudio for arm pro 4.3.1/armtools/bin/../lib/gcc/arm-atollic-eabi/4.7.3/armv7e-m/fpu\libgcc.a(unwind-arm.o)
                                                  c:/program files (x86)/atollic/truestudio for arm pro 4.3.1/armtools/bin/../lib/gcc/arm-atollic-eabi/4.7.3/armv7e-m/fpu\libgcc.a(libunwind.o)
__gnu_Unwind_Find_exidx                           c:/program files (x86)/atollic/truestudio for arm pro 4.3.1/armtools/bin/../lib/gcc/arm-atollic-eabi/4.7.3/armv7e-m/fpu\libgcc.a(unwind-arm.o)
__gnu_Unwind_ForcedUnwind                         c:/program files (x86)/atollic/truestudio for arm pro 4.3.1/armtools/bin/../lib/gcc/arm-atollic-eabi/4.7.3/armv7e-m/fpu\libgcc.a(unwind-arm.o)
                                                  c:/program files (x86)/atollic/truestudio for arm pro 4.3.1/armtools/bin/../lib/gcc/arm-atollic-eabi/4.7.3/armv7e-m/fpu\libgcc.a(libunwind.o)
__gnu_Unwind_RaiseException                       c:/program files (x86)/atollic/truestudio for arm pro 4.3.1/armtools/bin/../lib/gcc/arm-atollic-eabi/4.7.3/armv7e-m/fpu\libgcc.a(unwind-arm.o)
                                                  c:/program files (x86)/atollic/truestudio for arm pro 4.3.1/armtools/bin/../lib/gcc/arm-atollic-eabi/4.7.3/armv7e-m/fpu\libgcc.a(libunwind.o)
__gnu_Unwind_Restore_VFP                          c:/program files (x86)/atollic/truestudio for arm pro 4.3.1/armtools/bin/../lib/gcc/arm-atollic-eabi/4.7.3/armv7e-m/fpu\libgcc.a(libunwind.o)
                                                  c:/program files (x86)/atollic/truestudio for arm pro 4.3.1/armtools/bin/../lib/gcc/arm-atollic-eabi/4.7.3/armv7e-m/fpu\libgcc.a(unwind-arm.o)
__gnu_Unwind_Restore_VFP_D                        c:/program files (x86)/atollic/truestudio for arm pro 4.3.1/armtools/bin/../lib/gcc/arm-atollic-eabi/4.7.3/armv7e-m/fpu\libgcc.a(libunwind.o)
                                                  c:/program files (x86)/atollic/truestudio for arm pro 4.3.1/armtools/bin/../lib/gcc/arm-atollic-eabi/4.7.3/armv7e-m/fpu\libgcc.a(unwind-arm.o)
__gnu_Unwind_Restore_VFP_D_16_to_31               c:/program files (x86)/atollic/truestudio for arm pro 4.3.1/armtools/bin/../lib/gcc/arm-atollic-eabi/4.7.3/armv7e-m/fpu\libgcc.a(libunwind.o)
                                                  c:/program files (x86)/atollic/truestudio for arm pro 4.3.1/armtools/bin/../lib/gcc/arm-atollic-eabi/4.7.3/armv7e-m/fpu\libgcc.a(unwind-arm.o)
__gnu_Unwind_Restore_WMMXC                        c:/program files (x86)/atollic/truestudio for arm pro 4.3.1/armtools/bin/../lib/gcc/arm-atollic-eabi/4.7.3/armv7e-m/fpu\libgcc.a(libunwind.o)
                                                  c:/program files (x86)/atollic/truestudio for arm pro 4.3.1/armtools/bin/../lib/gcc/arm-atollic-eabi/4.7.3/armv7e-m/fpu\libgcc.a(unwind-arm.o)
__gnu_Unwind_Restore_WMMXD                        c:/program files (x86)/atollic/truestudio for arm pro 4.3.1/armtools/bin/../lib/gcc/arm-atollic-eabi/4.7.3/armv7e-m/fpu\libgcc.a(libunwind.o)
                                                  c:/program files (x86)/atollic/truestudio for arm pro 4.3.1/armtools/bin/../lib/gcc/arm-atollic-eabi/4.7.3/armv7e-m/fpu\libgcc.a(unwind-arm.o)
__gnu_Unwind_Resume                               c:/program files (x86)/atollic/truestudio for arm pro 4.3.1/armtools/bin/../lib/gcc/arm-atollic-eabi/4.7.3/armv7e-m/fpu\libgcc.a(unwind-arm.o)
                                                  c:/program files (x86)/atollic/truestudio for arm pro 4.3.1/armtools/bin/../lib/gcc/arm-atollic-eabi/4.7.3/armv7e-m/fpu\libgcc.a(libunwind.o)
__gnu_Unwind_Resume_or_Rethrow                    c:/program files (x86)/atollic/truestudio for arm pro 4.3.1/armtools/bin/../lib/gcc/arm-atollic-eabi/4.7.3/armv7e-m/fpu\libgcc.a(unwind-arm.o)
                                                  c:/program files (x86)/atollic/truestudio for arm pro 4.3.1/armtools/bin/../lib/gcc/arm-atollic-eabi/4.7.3/armv7e-m/fpu\libgcc.a(libunwind.o)
__gnu_Unwind_Save_VFP                             c:/program files (x86)/atollic/truestudio for arm pro 4.3.1/armtools/bin/../lib/gcc/arm-atollic-eabi/4.7.3/armv7e-m/fpu\libgcc.a(libunwind.o)
                                                  c:/program files (x86)/atollic/truestudio for arm pro 4.3.1/armtools/bin/../lib/gcc/arm-atollic-eabi/4.7.3/armv7e-m/fpu\libgcc.a(unwind-arm.o)
__gnu_Unwind_Save_VFP_D                           c:/program files (x86)/atollic/truestudio for arm pro 4.3.1/armtools/bin/../lib/gcc/arm-atollic-eabi/4.7.3/armv7e-m/fpu\libgcc.a(libunwind.o)
                                                  c:/program files (x86)/atollic/truestudio for arm pro 4.3.1/armtools/bin/../lib/gcc/arm-atollic-eabi/4.7.3/armv7e-m/fpu\libgcc.a(unwind-arm.o)
__gnu_Unwind_Save_VFP_D_16_to_31                  c:/program files (x86)/atollic/truestudio for arm pro 4.3.1/armtools/bin/../lib/gcc/arm-atollic-eabi/4.7.3/armv7e-m/fpu\libgcc.a(libunwind.o)
                                                  c:/program files (x86)/atollic/truestudio for arm pro 4.3.1/armtools/bin/../lib/gcc/arm-atollic-eabi/4.7.3/armv7e-m/fpu\libgcc.a(unwind-arm.o)
__gnu_Unwind_Save_WMMXC                           c:/program files (x86)/atollic/truestudio for arm pro 4.3.1/armtools/bin/../lib/gcc/arm-atollic-eabi/4.7.3/armv7e-m/fpu\libgcc.a(libunwind.o)
                                                  c:/program files (x86)/atollic/truestudio for arm pro 4.3.1/armtools/bin/../lib/gcc/arm-atollic-eabi/4.7.3/armv7e-m/fpu\libgcc.a(unwind-arm.o)
__gnu_Unwind_Save_WMMXD                           c:/program files (x86)/atollic/truestudio for arm pro 4.3.1/armtools/bin/../lib/gcc/arm-atollic-eabi/4.7.3/armv7e-m/fpu\libgcc.a(libunwind.o)
                                                  c:/program files (x86)/atollic/truestudio for arm pro 4.3.1/armtools/bin/../lib/gcc/arm-atollic-eabi/4.7.3/armv7e-m/fpu\libgcc.a(unwind-arm.o)
__gnu_unwind_execute                              c:/program files (x86)/atollic/truestudio for arm pro 4.3.1/armtools/bin/../lib/gcc/arm-atollic-eabi/4.7.3/armv7e-m/fpu\libgcc.a(pr-support.o)
                                                  c:/program files (x86)/atollic/truestudio for arm pro 4.3.1/armtools/bin/../lib/gcc/arm-atollic-eabi/4.7.3/armv7e-m/fpu\libgcc.a(unwind-arm.o)
__gnu_unwind_frame                                c:/program files (x86)/atollic/truestudio for arm pro 4.3.1/armtools/bin/../lib/gcc/arm-atollic-eabi/4.7.3/armv7e-m/fpu\libgcc.a(pr-support.o)
__malloc_av_                                      c:/program files (x86)/atollic/truestudio for arm pro 4.3.1/armtools/bin/../lib/gcc/arm-atollic-eabi/4.7.3/../../../../arm-atollic-eabi/lib/armv7e-m/fpu\libc.a(lib_a-mallocr.o)
                                                  c:/program files (x86)/atollic/truestudio for arm pro 4.3.1/armtools/bin/../lib/gcc/arm-atollic-eabi/4.7.3/../../../../arm-atollic-eabi/lib/armv7e-m/fpu\libc.a(lib_a-freer.o)
__malloc_current_mallinfo                         c:/program files (x86)/atollic/truestudio for arm pro 4.3.1/armtools/bin/../lib/gcc/arm-atollic-eabi/4.7.3/../../../../arm-atollic-eabi/lib/armv7e-m/fpu\libc.a(lib_a-mallocr.o)
                                                  c:/program files (x86)/atollic/truestudio for arm pro 4.3.1/armtools/bin/../lib/gcc/arm-atollic-eabi/4.7.3/../../../../arm-atollic-eabi/lib/armv7e-m/fpu\libc.a(lib_a-freer.o)
__malloc_lock                                     c:/program files (x86)/atollic/truestudio for arm pro 4.3.1/armtools/bin/../lib/gcc/arm-atollic-eabi/4.7.3/../../../../arm-atollic-eabi/lib/armv7e-m/fpu\libc.a(lib_a-mlock.o)
                                                  c:/program files (x86)/atollic/truestudio for arm pro 4.3.1/armtools/bin/../lib/gcc/arm-atollic-eabi/4.7.3/../../../../arm-atollic-eabi/lib/armv7e-m/fpu\libc.a(lib_a-freer.o)
                                                  c:/program files (x86)/atollic/truestudio for arm pro 4.3.1/armtools/bin/../lib/gcc/arm-atollic-eabi/4.7.3/../../../../arm-atollic-eabi/lib/armv7e-m/fpu\libc.a(lib_a-mallocr.o)
__malloc_max_sbrked_mem                           c:/program files (x86)/atollic/truestudio for arm pro 4.3.1/armtools/bin/../lib/gcc/arm-atollic-eabi/4.7.3/../../../../arm-atollic-eabi/lib/armv7e-m/fpu\libc.a(lib_a-mallocr.o)
__malloc_max_total_mem                            c:/program files (x86)/atollic/truestudio for arm pro 4.3.1/armtools/bin/../lib/gcc/arm-atollic-eabi/4.7.3/../../../../arm-atollic-eabi/lib/armv7e-m/fpu\libc.a(lib_a-mallocr.o)
__malloc_sbrk_base                                c:/program files (x86)/atollic/truestudio for arm pro 4.3.1/armtools/bin/../lib/gcc/arm-atollic-eabi/4.7.3/../../../../arm-atollic-eabi/lib/armv7e-m/fpu\libc.a(lib_a-mallocr.o)
                                                  c:/program files (x86)/atollic/truestudio for arm pro 4.3.1/armtools/bin/../lib/gcc/arm-atollic-eabi/4.7.3/../../../../arm-atollic-eabi/lib/armv7e-m/fpu\libc.a(lib_a-freer.o)
__malloc_top_pad                                  c:/program files (x86)/atollic/truestudio for arm pro 4.3.1/armtools/bin/../lib/gcc/arm-atollic-eabi/4.7.3/../../../../arm-atollic-eabi/lib/armv7e-m/fpu\libc.a(lib_a-mallocr.o)
                                                  c:/program files (x86)/atollic/truestudio for arm pro 4.3.1/armtools/bin/../lib/gcc/arm-atollic-eabi/4.7.3/../../../../arm-atollic-eabi/lib/armv7e-m/fpu\libc.a(lib_a-freer.o)
__malloc_trim_threshold                           c:/program files (x86)/atollic/truestudio for arm pro 4.3.1/armtools/bin/../lib/gcc/arm-atollic-eabi/4.7.3/../../../../arm-atollic-eabi/lib/armv7e-m/fpu\libc.a(lib_a-mallocr.o)
                                                  c:/program files (x86)/atollic/truestudio for arm pro 4.3.1/armtools/bin/../lib/gcc/arm-atollic-eabi/4.7.3/../../../../arm-atollic-eabi/lib/armv7e-m/fpu\libc.a(lib_a-freer.o)
__malloc_unlock                                   c:/program files (x86)/atollic/truestudio for arm pro 4.3.1/armtools/bin/../lib/gcc/arm-atollic-eabi/4.7.3/../../../../arm-atollic-eabi/lib/armv7e-m/fpu\libc.a(lib_a-mlock.o)
                                                  c:/program files (x86)/atollic/truestudio for arm pro 4.3.1/armtools/bin/../lib/gcc/arm-atollic-eabi/4.7.3/../../../../arm-atollic-eabi/lib/armv7e-m/fpu\libc.a(lib_a-freer.o)
                                                  c:/program files (x86)/atollic/truestudio for arm pro 4.3.1/armtools/bin/../lib/gcc/arm-atollic-eabi/4.7.3/../../../../arm-atollic-eabi/lib/armv7e-m/fpu\libc.a(lib_a-mallocr.o)
__register_frame_info                             c:/program files (x86)/atollic/truestudio for arm pro 4.3.1/armtools/bin/../lib/gcc/arm-atollic-eabi/4.7.3/armv7e-m/fpu/crtbegin.o
__restore_core_regs                               c:/program files (x86)/atollic/truestudio for arm pro 4.3.1/armtools/bin/../lib/gcc/arm-atollic-eabi/4.7.3/armv7e-m/fpu\libgcc.a(libunwind.o)
__sf_fake_stderr                                  c:/program files (x86)/atollic/truestudio for arm pro 4.3.1/armtools/bin/../lib/gcc/arm-atollic-eabi/4.7.3/../../../../arm-atollic-eabi/lib/armv7e-m/fpu\libc.a(lib_a-impure.o)
__sf_fake_stdin                                   c:/program files (x86)/atollic/truestudio for arm pro 4.3.1/armtools/bin/../lib/gcc/arm-atollic-eabi/4.7.3/../../../../arm-atollic-eabi/lib/armv7e-m/fpu\libc.a(lib_a-impure.o)
__sf_fake_stdout                                  c:/program files (x86)/atollic/truestudio for arm pro 4.3.1/armtools/bin/../lib/gcc/arm-atollic-eabi/4.7.3/../../../../arm-atollic-eabi/lib/armv7e-m/fpu\libc.a(lib_a-impure.o)
__sigtramp                                        c:/program files (x86)/atollic/truestudio for arm pro 4.3.1/armtools/bin/../lib/gcc/arm-atollic-eabi/4.7.3/../../../../arm-atollic-eabi/lib/armv7e-m/fpu\libc.a(lib_a-signal.o)
__sigtramp_r                                      c:/program files (x86)/atollic/truestudio for arm pro 4.3.1/armtools/bin/../lib/gcc/arm-atollic-eabi/4.7.3/../../../../arm-atollic-eabi/lib/armv7e-m/fpu\libc.a(lib_a-signal.o)
_close                                            c:/program files (x86)/atollic/truestudio for arm pro 4.3.1/armtools/bin/../lib/gcc/arm-atollic-eabi/4.7.3/../../../../arm-atollic-eabi/lib/armv7e-m/fpu\libc.a(lib_a-syscalls.o)
_ebss                                             src\startup.o
_edata                                            src\startup.o
_estack                                           src\startup.o
_execve                                           c:/program files (x86)/atollic/truestudio for arm pro 4.3.1/armtools/bin/../lib/gcc/arm-atollic-eabi/4.7.3/../../../../arm-atollic-eabi/lib/armv7e-m/fpu\libc.a(lib_a-syscalls.o)
_exit                                             c:/program files (x86)/atollic/truestudio for arm pro 4.3.1/armtools/bin/../lib/gcc/arm-atollic-eabi/4.7.3/../../../../arm-atollic-eabi/lib/armv7e-m/fpu\libc.a(lib_a-syscalls.o)
                                                  c:/program files (x86)/atollic/truestudio for arm pro 4.3.1/armtools/bin/../lib/gcc/arm-atollic-eabi/4.7.3/../../../../arm-atollic-eabi/lib/armv7e-m/fpu\libc.a(lib_a-abort.o)
_fini                                             c:/program files (x86)/atollic/truestudio for arm pro 4.3.1/armtools/bin/../lib/gcc/arm-atollic-eabi/4.7.3/armv7e-m/fpu/crti.o
_fork                                             c:/program files (x86)/atollic/truestudio for arm pro 4.3.1/armtools/bin/../lib/gcc/arm-atollic-eabi/4.7.3/../../../../arm-atollic-eabi/lib/armv7e-m/fpu\libc.a(lib_a-syscalls.o)
_free_r                                           c:/program files (x86)/atollic/truestudio for arm pro 4.3.1/armtools/bin/../lib/gcc/arm-atollic-eabi/4.7.3/../../../../arm-atollic-eabi/lib/armv7e-m/fpu\libc.a(lib_a-freer.o)
                                                  c:/program files (x86)/atollic/truestudio for arm pro 4.3.1/armtools/bin/../lib/gcc/arm-atollic-eabi/4.7.3/../../../../arm-atollic-eabi/lib/armv7e-m/fpu\libc.a(lib_a-reent.o)
                                                  c:/program files (x86)/atollic/truestudio for arm pro 4.3.1/armtools/bin/../lib/gcc/arm-atollic-eabi/4.7.3/../../../../arm-atollic-eabi/lib/armv7e-m/fpu\libc.a(lib_a-mallocr.o)
                                                  c:/program files (x86)/atollic/truestudio for arm pro 4.3.1/armtools/bin/../lib/gcc/arm-atollic-eabi/4.7.3/../../../../arm-atollic-eabi/lib/armv7e-m/fpu\libc.a(lib_a-malloc.o)
_fstat                                            c:/program files (x86)/atollic/truestudio for arm pro 4.3.1/armtools/bin/../lib/gcc/arm-atollic-eabi/4.7.3/../../../../arm-atollic-eabi/lib/armv7e-m/fpu\libc.a(lib_a-syscalls.o)
_getpid                                           c:/program files (x86)/atollic/truestudio for arm pro 4.3.1/armtools/bin/../lib/gcc/arm-atollic-eabi/4.7.3/../../../../arm-atollic-eabi/lib/armv7e-m/fpu\libc.a(lib_a-syscalls.o)
                                                  c:/program files (x86)/atollic/truestudio for arm pro 4.3.1/armtools/bin/../lib/gcc/arm-atollic-eabi/4.7.3/../../../../arm-atollic-eabi/lib/armv7e-m/fpu\libc.a(lib_a-signalr.o)
_getpid_r                                         c:/program files (x86)/atollic/truestudio for arm pro 4.3.1/armtools/bin/../lib/gcc/arm-atollic-eabi/4.7.3/../../../../arm-atollic-eabi/lib/armv7e-m/fpu\libc.a(lib_a-signalr.o)
                                                  c:/program files (x86)/atollic/truestudio for arm pro 4.3.1/armtools/bin/../lib/gcc/arm-atollic-eabi/4.7.3/../../../../arm-atollic-eabi/lib/armv7e-m/fpu\libc.a(lib_a-signal.o)
_global_impure_ptr                                c:/program files (x86)/atollic/truestudio for arm pro 4.3.1/armtools/bin/../lib/gcc/arm-atollic-eabi/4.7.3/../../../../arm-atollic-eabi/lib/armv7e-m/fpu\libc.a(lib_a-impure.o)
_impure_ptr                                       c:/program files (x86)/atollic/truestudio for arm pro 4.3.1/armtools/bin/../lib/gcc/arm-atollic-eabi/4.7.3/../../../../arm-atollic-eabi/lib/armv7e-m/fpu\libc.a(lib_a-impure.o)
                                                  c:/program files (x86)/atollic/truestudio for arm pro 4.3.1/armtools/bin/../lib/gcc/arm-atollic-eabi/4.7.3/../../../../arm-atollic-eabi/lib/armv7e-m/fpu\libc.a(lib_a-signal.o)
                                                  c:/program files (x86)/atollic/truestudio for arm pro 4.3.1/armtools/bin/../lib/gcc/arm-atollic-eabi/4.7.3/../../../../arm-atollic-eabi/lib/armv7e-m/fpu\libc.a(lib_a-reent.o)
                                                  c:/program files (x86)/atollic/truestudio for arm pro 4.3.1/armtools/bin/../lib/gcc/arm-atollic-eabi/4.7.3/../../../../arm-atollic-eabi/lib/armv7e-m/fpu\libc.a(lib_a-errno.o)
                                                  c:/program files (x86)/atollic/truestudio for arm pro 4.3.1/armtools/bin/../lib/gcc/arm-atollic-eabi/4.7.3/../../../../arm-atollic-eabi/lib/armv7e-m/fpu\libc.a(lib_a-system.o)
                                                  c:/program files (x86)/atollic/truestudio for arm pro 4.3.1/armtools/bin/../lib/gcc/arm-atollic-eabi/4.7.3/../../../../arm-atollic-eabi/lib/armv7e-m/fpu\libc.a(lib_a-malloc.o)
_init                                             c:/program files (x86)/atollic/truestudio for arm pro 4.3.1/armtools/bin/../lib/gcc/arm-atollic-eabi/4.7.3/armv7e-m/fpu/crti.o
_init_signal                                      c:/program files (x86)/atollic/truestudio for arm pro 4.3.1/armtools/bin/../lib/gcc/arm-atollic-eabi/4.7.3/../../../../arm-atollic-eabi/lib/armv7e-m/fpu\libc.a(lib_a-signal.o)
_init_signal_r                                    c:/program files (x86)/atollic/truestudio for arm pro 4.3.1/armtools/bin/../lib/gcc/arm-atollic-eabi/4.7.3/../../../../arm-atollic-eabi/lib/armv7e-m/fpu\libc.a(lib_a-signal.o)
_isatty                                           c:/program files (x86)/atollic/truestudio for arm pro 4.3.1/armtools/bin/../lib/gcc/arm-atollic-eabi/4.7.3/../../../../arm-atollic-eabi/lib/armv7e-m/fpu\libc.a(lib_a-syscalls.o)
_kill                                             c:/program files (x86)/atollic/truestudio for arm pro 4.3.1/armtools/bin/../lib/gcc/arm-atollic-eabi/4.7.3/../../../../arm-atollic-eabi/lib/armv7e-m/fpu\libc.a(lib_a-syscalls.o)
                                                  c:/program files (x86)/atollic/truestudio for arm pro 4.3.1/armtools/bin/../lib/gcc/arm-atollic-eabi/4.7.3/../../../../arm-atollic-eabi/lib/armv7e-m/fpu\libc.a(lib_a-signalr.o)
_kill_r                                           c:/program files (x86)/atollic/truestudio for arm pro 4.3.1/armtools/bin/../lib/gcc/arm-atollic-eabi/4.7.3/../../../../arm-atollic-eabi/lib/armv7e-m/fpu\libc.a(lib_a-signalr.o)
                                                  c:/program files (x86)/atollic/truestudio for arm pro 4.3.1/armtools/bin/../lib/gcc/arm-atollic-eabi/4.7.3/../../../../arm-atollic-eabi/lib/armv7e-m/fpu\libc.a(lib_a-signal.o)
_link                                             c:/program files (x86)/atollic/truestudio for arm pro 4.3.1/armtools/bin/../lib/gcc/arm-atollic-eabi/4.7.3/../../../../arm-atollic-eabi/lib/armv7e-m/fpu\libc.a(lib_a-syscalls.o)
_lseek                                            c:/program files (x86)/atollic/truestudio for arm pro 4.3.1/armtools/bin/../lib/gcc/arm-atollic-eabi/4.7.3/../../../../arm-atollic-eabi/lib/armv7e-m/fpu\libc.a(lib_a-syscalls.o)
_malloc_r                                         c:/program files (x86)/atollic/truestudio for arm pro 4.3.1/armtools/bin/../lib/gcc/arm-atollic-eabi/4.7.3/../../../../arm-atollic-eabi/lib/armv7e-m/fpu\libc.a(lib_a-mallocr.o)
                                                  c:/program files (x86)/atollic/truestudio for arm pro 4.3.1/armtools/bin/../lib/gcc/arm-atollic-eabi/4.7.3/../../../../arm-atollic-eabi/lib/armv7e-m/fpu\libc.a(lib_a-signal.o)
                                                  c:/program files (x86)/atollic/truestudio for arm pro 4.3.1/armtools/bin/../lib/gcc/arm-atollic-eabi/4.7.3/../../../../arm-atollic-eabi/lib/armv7e-m/fpu\libc.a(lib_a-malloc.o)
_malloc_trim_r                                    c:/program files (x86)/atollic/truestudio for arm pro 4.3.1/armtools/bin/../lib/gcc/arm-atollic-eabi/4.7.3/../../../../arm-atollic-eabi/lib/armv7e-m/fpu\libc.a(lib_a-freer.o)
_open                                             c:/program files (x86)/atollic/truestudio for arm pro 4.3.1/armtools/bin/../lib/gcc/arm-atollic-eabi/4.7.3/../../../../arm-atollic-eabi/lib/armv7e-m/fpu\libc.a(lib_a-syscalls.o)
_raise_r                                          c:/program files (x86)/atollic/truestudio for arm pro 4.3.1/armtools/bin/../lib/gcc/arm-atollic-eabi/4.7.3/../../../../arm-atollic-eabi/lib/armv7e-m/fpu\libc.a(lib_a-signal.o)
_read                                             c:/program files (x86)/atollic/truestudio for arm pro 4.3.1/armtools/bin/../lib/gcc/arm-atollic-eabi/4.7.3/../../../../arm-atollic-eabi/lib/armv7e-m/fpu\libc.a(lib_a-syscalls.o)
_reclaim_reent                                    c:/program files (x86)/atollic/truestudio for arm pro 4.3.1/armtools/bin/../lib/gcc/arm-atollic-eabi/4.7.3/../../../../arm-atollic-eabi/lib/armv7e-m/fpu\libc.a(lib_a-reent.o)
_sbrk                                             c:/program files (x86)/atollic/truestudio for arm pro 4.3.1/armtools/bin/../lib/gcc/arm-atollic-eabi/4.7.3/../../../../arm-atollic-eabi/lib/armv7e-m/fpu\libc.a(lib_a-syscalls.o)
                                                  c:/program files (x86)/atollic/truestudio for arm pro 4.3.1/armtools/bin/../lib/gcc/arm-atollic-eabi/4.7.3/../../../../arm-atollic-eabi/lib/armv7e-m/fpu\libc.a(lib_a-sbrkr.o)
_sbrk_r                                           c:/program files (x86)/atollic/truestudio for arm pro 4.3.1/armtools/bin/../lib/gcc/arm-atollic-eabi/4.7.3/../../../../arm-atollic-eabi/lib/armv7e-m/fpu\libc.a(lib_a-sbrkr.o)
                                                  c:/program files (x86)/atollic/truestudio for arm pro 4.3.1/armtools/bin/../lib/gcc/arm-atollic-eabi/4.7.3/../../../../arm-atollic-eabi/lib/armv7e-m/fpu\libc.a(lib_a-freer.o)
                                                  c:/program files (x86)/atollic/truestudio for arm pro 4.3.1/armtools/bin/../lib/gcc/arm-atollic-eabi/4.7.3/../../../../arm-atollic-eabi/lib/armv7e-m/fpu\libc.a(lib_a-mallocr.o)
_sbss                                             src\startup.o
_sdata                                            src\startup.o
_sidata                                           src\startup.o
_signal_r                                         c:/program files (x86)/atollic/truestudio for arm pro 4.3.1/armtools/bin/../lib/gcc/arm-atollic-eabi/4.7.3/../../../../arm-atollic-eabi/lib/armv7e-m/fpu\libc.a(lib_a-signal.o)
_stat                                             c:/program files (x86)/atollic/truestudio for arm pro 4.3.1/armtools/bin/../lib/gcc/arm-atollic-eabi/4.7.3/../../../../arm-atollic-eabi/lib/armv7e-m/fpu\libc.a(lib_a-syscalls.o)
_system_r                                         c:/program files (x86)/atollic/truestudio for arm pro 4.3.1/armtools/bin/../lib/gcc/arm-atollic-eabi/4.7.3/../../../../arm-atollic-eabi/lib/armv7e-m/fpu\libc.a(lib_a-system.o)
_times                                            c:/program files (x86)/atollic/truestudio for arm pro 4.3.1/armtools/bin/../lib/gcc/arm-atollic-eabi/4.7.3/../../../../arm-atollic-eabi/lib/armv7e-m/fpu\libc.a(lib_a-syscalls.o)
_unlink                                           c:/program files (x86)/atollic/truestudio for arm pro 4.3.1/armtools/bin/../lib/gcc/arm-atollic-eabi/4.7.3/../../../../arm-atollic-eabi/lib/armv7e-m/fpu\libc.a(lib_a-syscalls.o)
_wait                                             c:/program files (x86)/atollic/truestudio for arm pro 4.3.1/armtools/bin/../lib/gcc/arm-atollic-eabi/4.7.3/../../../../arm-atollic-eabi/lib/armv7e-m/fpu\libc.a(lib_a-syscalls.o)
_wrapup_reent                                     c:/program files (x86)/atollic/truestudio for arm pro 4.3.1/armtools/bin/../lib/gcc/arm-atollic-eabi/4.7.3/../../../../arm-atollic-eabi/lib/armv7e-m/fpu\libc.a(lib_a-reent.o)
_write                                            c:/program files (x86)/atollic/truestudio for arm pro 4.3.1/armtools/bin/../lib/gcc/arm-atollic-eabi/4.7.3/../../../../arm-atollic-eabi/lib/armv7e-m/fpu\libc.a(lib_a-syscalls.o)
                                                  src\tiny_printf.o
abort                                             c:/program files (x86)/atollic/truestudio for arm pro 4.3.1/armtools/bin/../lib/gcc/arm-atollic-eabi/4.7.3/../../../../arm-atollic-eabi/lib/armv7e-m/fpu\libc.a(lib_a-abort.o)
                                                  c:/program files (x86)/atollic/truestudio for arm pro 4.3.1/armtools/bin/../lib/gcc/arm-atollic-eabi/4.7.3/armv7e-m/fpu\libgcc.a(pr-support.o)
                                                  c:/program files (x86)/atollic/truestudio for arm pro 4.3.1/armtools/bin/../lib/gcc/arm-atollic-eabi/4.7.3/armv7e-m/fpu\libgcc.a(unwind-arm.o)
cleanup_glue                                      c:/program files (x86)/atollic/truestudio for arm pro 4.3.1/armtools/bin/../lib/gcc/arm-atollic-eabi/4.7.3/../../../../arm-atollic-eabi/lib/armv7e-m/fpu\libc.a(lib_a-reent.o)
end                                               c:/program files (x86)/atollic/truestudio for arm pro 4.3.1/armtools/bin/../lib/gcc/arm-atollic-eabi/4.7.3/../../../../arm-atollic-eabi/lib/armv7e-m/fpu\libc.a(lib_a-syscalls.o)
environ                                           c:/program files (x86)/atollic/truestudio for arm pro 4.3.1/armtools/bin/../lib/gcc/arm-atollic-eabi/4.7.3/../../../../arm-atollic-eabi/lib/armv7e-m/fpu\libc.a(lib_a-syscalls.o)
errno                                             c:/program files (x86)/atollic/truestudio for arm pro 4.3.1/armtools/bin/../lib/gcc/arm-atollic-eabi/4.7.3/../../../../arm-atollic-eabi/lib/armv7e-m/fpu\libc.a(lib_a-signalr.o)
                                                  c:/program files (x86)/atollic/truestudio for arm pro 4.3.1/armtools/bin/../lib/gcc/arm-atollic-eabi/4.7.3/../../../../arm-atollic-eabi/lib/armv7e-m/fpu\libc.a(lib_a-reent.o)
                                                  c:/program files (x86)/atollic/truestudio for arm pro 4.3.1/armtools/bin/../lib/gcc/arm-atollic-eabi/4.7.3/../../../../arm-atollic-eabi/lib/armv7e-m/fpu\libc.a(lib_a-syscalls.o)
                                                  c:/program files (x86)/atollic/truestudio for arm pro 4.3.1/armtools/bin/../lib/gcc/arm-atollic-eabi/4.7.3/../../../../arm-atollic-eabi/lib/armv7e-m/fpu\libc.a(lib_a-sbrkr.o)
fiprintf                                          src\tiny_printf.o
fprintf                                           src\tiny_printf.o
fputs                                             src\tiny_printf.o
free                                              c:/program files (x86)/atollic/truestudio for arm pro 4.3.1/armtools/bin/../lib/gcc/arm-atollic-eabi/4.7.3/../../../../arm-atollic-eabi/lib/armv7e-m/fpu\libc.a(lib_a-malloc.o)
                                                  c:/program files (x86)/atollic/truestudio for arm pro 4.3.1/armtools/bin/../lib/gcc/arm-atollic-eabi/4.7.3/../../../../arm-atollic-eabi/lib/armv7e-m/fpu\libstdc++.a(del_op.o)
fwrite                                            src\tiny_printf.o
g_pfnVectors                                      src\startup.o
initialise_monitor_handles                        c:/program files (x86)/atollic/truestudio for arm pro 4.3.1/armtools/bin/../lib/gcc/arm-atollic-eabi/4.7.3/../../../../arm-atollic-eabi/lib/armv7e-m/fpu\libc.a(lib_a-syscalls.o)
iprintf                                           src\tiny_printf.o
main                                              src\LiftSteuerung_test.o
                                                  src\startup.o
malloc                                            c:/program files (x86)/atollic/truestudio for arm pro 4.3.1/armtools/bin/../lib/gcc/arm-atollic-eabi/4.7.3/../../../../arm-atollic-eabi/lib/armv7e-m/fpu\libc.a(lib_a-malloc.o)
malloc_getpagesize_P                              c:/program files (x86)/atollic/truestudio for arm pro 4.3.1/armtools/bin/../lib/gcc/arm-atollic-eabi/4.7.3/../../../../arm-atollic-eabi/lib/armv7e-m/fpu\libc.a(lib_a-freer.o)
                                                  c:/program files (x86)/atollic/truestudio for arm pro 4.3.1/armtools/bin/../lib/gcc/arm-atollic-eabi/4.7.3/../../../../arm-atollic-eabi/lib/armv7e-m/fpu\libc.a(lib_a-mallocr.o)
memcpy                                            c:/program files (x86)/atollic/truestudio for arm pro 4.3.1/armtools/bin/../lib/gcc/arm-atollic-eabi/4.7.3/../../../../arm-atollic-eabi/lib/armv7e-m/fpu\libc.a(lib_a-memcpy.o)
                                                  ..\Libraries\libBSP.a(carme.o)
                                                  c:/program files (x86)/atollic/truestudio for arm pro 4.3.1/armtools/bin/../lib/gcc/arm-atollic-eabi/4.7.3/armv7e-m/fpu\libgcc.a(unwind-arm.o)
operator delete(void*)                            c:/program files (x86)/atollic/truestudio for arm pro 4.3.1/armtools/bin/../lib/gcc/arm-atollic-eabi/4.7.3/../../../../arm-atollic-eabi/lib/armv7e-m/fpu\libstdc++.a(del_op.o)
                                                  src\Cabin.o
                                                  src\CallButtons.o
                                                  src\ControlUnit.o
                                                  src\Dispatcher.o
                                                  src\FloorChooseButtons.o
                                                  src\FloorIndicator.o
                                                  src\IOManager.o
                                                  src\LiftSteuerung.o
                                                  src\Motor.o
                                                  src\PositionSensors.o
printf                                            src\tiny_printf.o
puts                                              src\tiny_printf.o
raise                                             c:/program files (x86)/atollic/truestudio for arm pro 4.3.1/armtools/bin/../lib/gcc/arm-atollic-eabi/4.7.3/../../../../arm-atollic-eabi/lib/armv7e-m/fpu\libc.a(lib_a-signal.o)
                                                  c:/program files (x86)/atollic/truestudio for arm pro 4.3.1/armtools/bin/../lib/gcc/arm-atollic-eabi/4.7.3/../../../../arm-atollic-eabi/lib/armv7e-m/fpu\libc.a(lib_a-abort.o)
restore_core_regs                                 c:/program files (x86)/atollic/truestudio for arm pro 4.3.1/armtools/bin/../lib/gcc/arm-atollic-eabi/4.7.3/armv7e-m/fpu\libgcc.a(libunwind.o)
                                                  c:/program files (x86)/atollic/truestudio for arm pro 4.3.1/armtools/bin/../lib/gcc/arm-atollic-eabi/4.7.3/armv7e-m/fpu\libgcc.a(unwind-arm.o)
signal                                            c:/program files (x86)/atollic/truestudio for arm pro 4.3.1/armtools/bin/../lib/gcc/arm-atollic-eabi/4.7.3/../../../../arm-atollic-eabi/lib/armv7e-m/fpu\libc.a(lib_a-signal.o)
siprintf                                          src\tiny_printf.o
sprintf                                           src\tiny_printf.o
strlen                                            c:/program files (x86)/atollic/truestudio for arm pro 4.3.1/armtools/bin/../lib/gcc/arm-atollic-eabi/4.7.3/../../../../arm-atollic-eabi/lib/armv7e-m/fpu\libc.a(lib_a-strlen.o)
                                                  src\tiny_printf.o
system                                            c:/program files (x86)/atollic/truestudio for arm pro 4.3.1/armtools/bin/../lib/gcc/arm-atollic-eabi/4.7.3/../../../../arm-atollic-eabi/lib/armv7e-m/fpu\libc.a(lib_a-system.o)
                                                  src\LiftSteuerung_test.o
ts_formatlength                                   src\tiny_printf.o
ts_formatstring                                   src\tiny_printf.o
ts_itoa                                           src\tiny_printf.o
vApplicationMallocFailedHook                      src\startup.o
vApplicationStackOverflowHook                     src\startup.o
vtable for Cabin                                  src\Cabin.o
vtable for CallButtons                            src\CallButtons.o
vtable for ControlUnit                            src\ControlUnit.o
vtable for Dispatcher                             src\Dispatcher.o
vtable for FloorChooseButtons                     src\FloorChooseButtons.o
vtable for FloorIndicator                         src\FloorIndicator.o
vtable for IOManager                              src\IOManager.o
vtable for LiftSteuerung                          src\LiftSteuerung.o